Archive member included because of file (symbol)

/usr/bin/../lib/gcc/arm-none-eabi/4.9.3/../../../../arm-none-eabi/lib/armv7e-m/fpu/libm.a(lib_a-sf_cos.o)
                              build/obj/digital_filter.o (cosf)
/usr/bin/../lib/gcc/arm-none-eabi/4.9.3/../../../../arm-none-eabi/lib/armv7e-m/fpu/libm.a(lib_a-sf_round.o)
                              build/obj/ledpwm.o (roundf)
/usr/bin/../lib/gcc/arm-none-eabi/4.9.3/../../../../arm-none-eabi/lib/armv7e-m/fpu/libm.a(lib_a-sf_sin.o)
                              build/obj/digital_filter.o (sinf)
/usr/bin/../lib/gcc/arm-none-eabi/4.9.3/../../../../arm-none-eabi/lib/armv7e-m/fpu/libm.a(lib_a-w_sqrt.o)
                              build/obj/digital_filter.o (sqrt)
/usr/bin/../lib/gcc/arm-none-eabi/4.9.3/../../../../arm-none-eabi/lib/armv7e-m/fpu/libm.a(lib_a-wf_asin.o)
                              build/obj/mcpwm.o (asinf)
/usr/bin/../lib/gcc/arm-none-eabi/4.9.3/../../../../arm-none-eabi/lib/armv7e-m/fpu/libm.a(lib_a-wf_atan2.o)
                              build/obj/mcpwm_foc.o (atan2f)
/usr/bin/../lib/gcc/arm-none-eabi/4.9.3/../../../../arm-none-eabi/lib/armv7e-m/fpu/libm.a(lib_a-wf_fmod.o)
                              build/obj/utils.o (fmodf)
/usr/bin/../lib/gcc/arm-none-eabi/4.9.3/../../../../arm-none-eabi/lib/armv7e-m/fpu/libm.a(lib_a-wf_log.o)
                              build/obj/commands.o (logf)
/usr/bin/../lib/gcc/arm-none-eabi/4.9.3/../../../../arm-none-eabi/lib/armv7e-m/fpu/libm.a(lib_a-wf_pow.o)
                              build/obj/ledpwm.o (powf)
/usr/bin/../lib/gcc/arm-none-eabi/4.9.3/../../../../arm-none-eabi/lib/armv7e-m/fpu/libm.a(lib_a-wf_sincos.o)
                              build/obj/mcpwm_foc.o (sincosf)
/usr/bin/../lib/gcc/arm-none-eabi/4.9.3/../../../../arm-none-eabi/lib/armv7e-m/fpu/libm.a(lib_a-wf_sqrt.o)
                              build/obj/mcpwm.o (sqrtf)
/usr/bin/../lib/gcc/arm-none-eabi/4.9.3/../../../../arm-none-eabi/lib/armv7e-m/fpu/libm.a(lib_a-e_sqrt.o)
                              /usr/bin/../lib/gcc/arm-none-eabi/4.9.3/../../../../arm-none-eabi/lib/armv7e-m/fpu/libm.a(lib_a-w_sqrt.o) (__ieee754_sqrt)
/usr/bin/../lib/gcc/arm-none-eabi/4.9.3/../../../../arm-none-eabi/lib/armv7e-m/fpu/libm.a(lib_a-ef_asin.o)
                              /usr/bin/../lib/gcc/arm-none-eabi/4.9.3/../../../../arm-none-eabi/lib/armv7e-m/fpu/libm.a(lib_a-wf_asin.o) (__ieee754_asinf)
/usr/bin/../lib/gcc/arm-none-eabi/4.9.3/../../../../arm-none-eabi/lib/armv7e-m/fpu/libm.a(lib_a-ef_atan2.o)
                              /usr/bin/../lib/gcc/arm-none-eabi/4.9.3/../../../../arm-none-eabi/lib/armv7e-m/fpu/libm.a(lib_a-wf_atan2.o) (__ieee754_atan2f)
/usr/bin/../lib/gcc/arm-none-eabi/4.9.3/../../../../arm-none-eabi/lib/armv7e-m/fpu/libm.a(lib_a-ef_fmod.o)
                              /usr/bin/../lib/gcc/arm-none-eabi/4.9.3/../../../../arm-none-eabi/lib/armv7e-m/fpu/libm.a(lib_a-wf_fmod.o) (__ieee754_fmodf)
/usr/bin/../lib/gcc/arm-none-eabi/4.9.3/../../../../arm-none-eabi/lib/armv7e-m/fpu/libm.a(lib_a-ef_log.o)
                              /usr/bin/../lib/gcc/arm-none-eabi/4.9.3/../../../../arm-none-eabi/lib/armv7e-m/fpu/libm.a(lib_a-wf_log.o) (__ieee754_logf)
/usr/bin/../lib/gcc/arm-none-eabi/4.9.3/../../../../arm-none-eabi/lib/armv7e-m/fpu/libm.a(lib_a-ef_pow.o)
                              /usr/bin/../lib/gcc/arm-none-eabi/4.9.3/../../../../arm-none-eabi/lib/armv7e-m/fpu/libm.a(lib_a-wf_pow.o) (__ieee754_powf)
/usr/bin/../lib/gcc/arm-none-eabi/4.9.3/../../../../arm-none-eabi/lib/armv7e-m/fpu/libm.a(lib_a-ef_rem_pio2.o)
                              /usr/bin/../lib/gcc/arm-none-eabi/4.9.3/../../../../arm-none-eabi/lib/armv7e-m/fpu/libm.a(lib_a-sf_cos.o) (__ieee754_rem_pio2f)
/usr/bin/../lib/gcc/arm-none-eabi/4.9.3/../../../../arm-none-eabi/lib/armv7e-m/fpu/libm.a(lib_a-ef_sqrt.o)
                              /usr/bin/../lib/gcc/arm-none-eabi/4.9.3/../../../../arm-none-eabi/lib/armv7e-m/fpu/libm.a(lib_a-wf_sqrt.o) (__ieee754_sqrtf)
/usr/bin/../lib/gcc/arm-none-eabi/4.9.3/../../../../arm-none-eabi/lib/armv7e-m/fpu/libm.a(lib_a-kf_cos.o)
                              /usr/bin/../lib/gcc/arm-none-eabi/4.9.3/../../../../arm-none-eabi/lib/armv7e-m/fpu/libm.a(lib_a-sf_cos.o) (__kernel_cosf)
/usr/bin/../lib/gcc/arm-none-eabi/4.9.3/../../../../arm-none-eabi/lib/armv7e-m/fpu/libm.a(lib_a-kf_rem_pio2.o)
                              /usr/bin/../lib/gcc/arm-none-eabi/4.9.3/../../../../arm-none-eabi/lib/armv7e-m/fpu/libm.a(lib_a-ef_rem_pio2.o) (__kernel_rem_pio2f)
/usr/bin/../lib/gcc/arm-none-eabi/4.9.3/../../../../arm-none-eabi/lib/armv7e-m/fpu/libm.a(lib_a-kf_sin.o)
                              /usr/bin/../lib/gcc/arm-none-eabi/4.9.3/../../../../arm-none-eabi/lib/armv7e-m/fpu/libm.a(lib_a-sf_cos.o) (__kernel_sinf)
/usr/bin/../lib/gcc/arm-none-eabi/4.9.3/../../../../arm-none-eabi/lib/armv7e-m/fpu/libm.a(lib_a-s_fpclassify.o)
[...]
Memory Configuration

Name             Origin             Length             Attributes
flash            0x08000000         0x00004000
flash2           0x0800c000         0x00078000
ram0             0x20000000         0x00020000
ram1             0x20000000         0x0001c000
ram2             0x2001c000         0x00004000
ram3             0x00000000         0x00000000
ram4             0x10000000         0x00010000
ram5             0x40024000         0x00001000
ram6             0x00000000         0x00000000
ram7             0x00000000         0x00000000
*default*        0x00000000         0xffffffff

Linker script and memory map

LOAD build/obj/crt0_v7m.o
LOAD build/obj/chcoreasm_v7m.o
LOAD build/obj/crt1.o
LOAD build/obj/vectors.o
LOAD build/obj/chsys.o
LOAD build/obj/chdebug.o
LOAD build/obj/chvt.o
LOAD build/obj/chschd.o
LOAD build/obj/chthreads.o
LOAD build/obj/chtm.o
LOAD build/obj/chdynamic.o
LOAD build/obj/chregistry.o
LOAD build/obj/chsem.o
LOAD build/obj/chmtx.o
LOAD build/obj/chcond.o
LOAD build/obj/chevents.o
LOAD build/obj/chmsg.o
LOAD build/obj/chmboxes.o
LOAD build/obj/chqueues.o
LOAD build/obj/chmemcore.o
LOAD build/obj/chheap.o
LOAD build/obj/chmempools.o
LOAD build/obj/chcore.o
LOAD build/obj/chcore_v7m.o
LOAD build/obj/osal.o
LOAD build/obj/hal.o
LOAD build/obj/st.o
LOAD build/obj/hal_queues.o
LOAD build/obj/hal_mmcsd.o
LOAD build/obj/can.o
LOAD build/obj/i2c.o
LOAD build/obj/icu.o
LOAD build/obj/pal.o
LOAD build/obj/serial_usb.o
LOAD build/obj/spi.o
LOAD build/obj/uart.o
LOAD build/obj/usb.o
LOAD build/obj/nvic.o
LOAD build/obj/stm32_dma.o
LOAD build/obj/hal_lld.o
LOAD build/obj/st_lld.o
LOAD build/obj/can_lld.o
LOAD build/obj/pal_lld.o
LOAD build/obj/i2c_lld.o
LOAD build/obj/usb_lld.o
LOAD build/obj/spi_lld.o
LOAD build/obj/icu_lld.o
LOAD build/obj/uart_lld.o
LOAD build/obj/board.o
LOAD build/obj/chprintf.o
LOAD build/obj/syscalls.o
LOAD build/obj/main.o
LOAD build/obj/comm_usb_serial.o
LOAD build/obj/irq_handlers.o
LOAD build/obj/buffer.o
LOAD build/obj/comm_usb.o
LOAD build/obj/crc.o
LOAD build/obj/digital_filter.o
LOAD build/obj/ledpwm.o
LOAD build/obj/mcpwm.o
LOAD build/obj/servo_dec.o
LOAD build/obj/utils.o
LOAD build/obj/servo.o
LOAD build/obj/servo_simple.o
LOAD build/obj/packet.o
LOAD build/obj/terminal.o
LOAD build/obj/conf_general.o
LOAD build/obj/eeprom.o
LOAD build/obj/commands.o
LOAD build/obj/timeout.o
LOAD build/obj/comm_can.o
LOAD build/obj/ws2811.o
LOAD build/obj/led_external.o
LOAD build/obj/encoder.o
LOAD build/obj/flash_helper.o
LOAD build/obj/mc_interface.o
LOAD build/obj/mcpwm_foc.o
LOAD build/obj/hw_40.o
LOAD build/obj/hw_45.o
LOAD build/obj/hw_r2.o
LOAD build/obj/hw_46.o
LOAD build/obj/hw_48.o
LOAD build/obj/hw_49.o
LOAD build/obj/hw_410.o
LOAD build/obj/hw_victor_r1a.o
LOAD build/obj/app.o
LOAD build/obj/app_ppm.o
LOAD build/obj/app_adc.o
LOAD build/obj/app_sten.o
LOAD build/obj/app_uartcomm.o
LOAD build/obj/app_nunchuk.o
LOAD build/obj/spi_sw.o
LOAD build/obj/rf.o
LOAD build/obj/rfhelp.o
LOAD build/obj/nrf_driver.o
LOAD build/obj/misc.o
LOAD build/obj/stm32f4xx_adc.o
LOAD build/obj/stm32f4xx_dma.o
LOAD build/obj/stm32f4xx_exti.o
LOAD build/obj/stm32f4xx_flash.o
LOAD build/obj/stm32f4xx_rcc.o
LOAD build/obj/stm32f4xx_syscfg.o
LOAD build/obj/stm32f4xx_tim.o
LOAD build/obj/stm32f4xx_wwdg.o
                0x20000000                __ram0_start__ = ORIGIN (ram0)
                0x00020000                __ram0_size__ = 0x20000
                0x20020000                __ram0_end__ = (__ram0_start__ + __ram0_size__)
                0x20000000                __ram1_start__ = ORIGIN (ram1)
                0x0001c000                __ram1_size__ = 0x1c000
                0x2001c000                __ram1_end__ = (__ram1_start__ + __ram1_size__)
                0x2001c000                __ram2_start__ = ORIGIN (ram2)
                0x00004000                __ram2_size__ = 0x4000
                0x20020000                __ram2_end__ = (__ram2_start__ + __ram2_size__)
                0x00000000                __ram3_start__ = ORIGIN (ram3)
                0x00000000                __ram3_size__ = 0x0
                0x00000000                __ram3_end__ = (__ram3_start__ + __ram3_size__)
                0x10000000                __ram4_start__ = ORIGIN (ram4)
                0x00010000                __ram4_size__ = 0x10000
                0x10010000                __ram4_end__ = (__ram4_start__ + __ram4_size__)
                0x40024000                __ram5_start__ = ORIGIN (ram5)
                0x00001000                __ram5_size__ = 0x1000
                0x40025000                __ram5_end__ = (__ram5_start__ + __ram5_size__)
                0x00000000                __ram6_start__ = ORIGIN (ram6)
                0x00000000                __ram6_size__ = 0x0
                0x00000000                __ram6_end__ = (__ram6_start__ + __ram6_size__)
                0x00000000                __ram7_start__ = ORIGIN (ram7)
                0x00000000                __ram7_size__ = 0x0
                0x00000000                __ram7_end__ = (__ram7_start__ + __ram7_size__)
                0x00000000                . = 0x0
                0x00000000                _text = .

startup         0x08000000      0x1c0
 *(.vectors)
 .vectors       0x08000000      0x1c0 build/obj/vectors.o
                0x08000000                _vectors

constructors    0x0800c000        0x0
                0x0800c000                PROVIDE (__init_array_start, .)
 *(SORT(.init_array.*))
 *(.init_array)
                0x0800c000                PROVIDE (__init_array_end, .)

destructors     0x0800c000        0x0
                0x0800c000                PROVIDE (__fini_array_start, .)
 *(.fini_array)
 *(SORT(.fini_array.*))
                0x0800c000                PROVIDE (__fini_array_end, .)

.text           0x0800c000    0x24198
 *(.text)
 .text          0x0800c000      0x108 build/obj/crt0_v7m.o
                0x0800c000                Reset_Handler
 *fill*         0x0800c108        0x8 
 .text          0x0800c110       0x30 build/obj/chcoreasm_v7m.o
                0x0800c110                _port_switch
                0x0800c128                _port_thread_start
                0x0800c138                _port_switch_from_isr
                0x0800c13c                _port_exit_from_isr
 .text          0x0800c140      0x370 /usr/bin/../lib/gcc/arm-none-eabi/4.9.3/armv7e-m/fpu/libgcc.a(_arm_addsubdf3.o)
                0x0800c140                __aeabi_drsub
                0x0800c148                __aeabi_dsub
                0x0800c148                __subdf3
                0x0800c14c                __adddf3
                0x0800c14c                __aeabi_dadd
                0x0800c3c4                __aeabi_ui2d
                0x0800c3c4                __floatunsidf
                0x0800c3e4                __floatsidf
                0x0800c3e4                __aeabi_i2d
                0x0800c408                __extendsfdf2
                0x0800c408                __aeabi_f2d
                0x0800c444                __aeabi_ul2d
                0x0800c444                __floatundidf
                0x0800c454                __floatdidf
                0x0800c454                __aeabi_l2d
 .text          0x0800c4b0      0x424 /usr/bin/../lib/gcc/arm-none-eabi/4.9.3/armv7e-m/fpu/libgcc.a(_arm_muldivdf3.o)
                0x0800c4b0                __aeabi_dmul
                0x0800c4b0                __muldf3
                0x0800c704                __aeabi_ddiv
                0x0800c704                __divdf3
 *fill*         0x0800c8d4        0xc 
 .text          0x0800c8e0      0x110 /usr/bin/../lib/gcc/arm-none-eabi/4.9.3/armv7e-m/fpu/libgcc.a(_arm_cmpdf2.o)
                0x0800c8e0                __gtdf2
                0x0800c8e0                __gedf2
                0x0800c8e8                __ltdf2
                0x0800c8e8                __ledf2
                0x0800c8f0                __cmpdf2
                0x0800c8f0                __eqdf2
                0x0800c8f0                __nedf2
                0x0800c96c                __aeabi_cdrcmple
                0x0800c97c                __aeabi_cdcmple
                0x0800c97c                __aeabi_cdcmpeq
                0x0800c98c                __aeabi_dcmpeq
                0x0800c9a0                __aeabi_dcmplt
                0x0800c9b4                __aeabi_dcmple
                0x0800c9c8                __aeabi_dcmpge
                0x0800c9dc                __aeabi_dcmpgt
 .text          0x0800c9f0       0x50 /usr/bin/../lib/gcc/arm-none-eabi/4.9.3/armv7e-m/fpu/libgcc.a(_arm_fixdfsi.o)
                0x0800c9f0                __fixdfsi
                0x0800c9f0                __aeabi_d2iz
 .text          0x0800ca40       0xa0 /usr/bin/../lib/gcc/arm-none-eabi/4.9.3/armv7e-m/fpu/libgcc.a(_arm_truncdfsf2.o)
                0x0800ca40                __aeabi_d2f
                0x0800ca40                __truncdfsf2
 .text          0x0800cae0      0x134 /usr/bin/../lib/gcc/arm-none-eabi/4.9.3/../../../../arm-none-eabi/lib/armv7e-m/fpu/libg.a(lib_a-memcpy.o)
                0x0800cae0                memcpy
 *fill*         0x0800cc14        0xc 
 .text          0x0800cc20      0x2dc /usr/bin/../lib/gcc/arm-none-eabi/4.9.3/../../../../arm-none-eabi/lib/armv7e-m/fpu/libg.a(lib_a-strcmp.o)
                0x0800cc28                strcmp
 *fill*         0x0800cefc        0x4 
 .text          0x0800cf00       0x40 /usr/bin/../lib/gcc/arm-none-eabi/4.9.3/armv7e-m/fpu/libgcc.a(_arm_fixunsdfsi.o)
                0x0800cf00                __fixunsdfsi
                0x0800cf00                __aeabi_d2uiz
 .text          0x0800cf40       0x30 /usr/bin/../lib/gcc/arm-none-eabi/4.9.3/armv7e-m/fpu/libgcc.a(_aeabi_uldivmod.o)
                0x0800cf40                __aeabi_uldivmod
 .text          0x0800cf70       0x60 /usr/bin/../lib/gcc/arm-none-eabi/4.9.3/armv7e-m/fpu/libgcc.a(bpabi.o)
                0x0800cf70                __gnu_ldivmod_helper
                0x0800cfa0                __gnu_uldivmod_helper
 .text          0x0800cfd0        0x4 /usr/bin/../lib/gcc/arm-none-eabi/4.9.3/armv7e-m/fpu/libgcc.a(_dvmd_tls.o)
                0x0800cfd0                __aeabi_ldiv0
                0x0800cfd0                __aeabi_idiv0
 *fill*         0x0800cfd4        0xc 
 .text          0x0800cfe0      0x29c /usr/bin/../lib/gcc/arm-none-eabi/4.9.3/armv7e-m/fpu/libgcc.a(_divdi3.o)
                0x0800cfe0                __divdi3
 *fill*         0x0800d27c        0x4 
 .text          0x0800d280      0x26c /usr/bin/../lib/gcc/arm-none-eabi/4.9.3/armv7e-m/fpu/libgcc.a(_udivdi3.o)
                0x0800d280                __udivdi3
 *(.text.*)
 *fill*         0x0800d4ec        0x4 
 .text.__core_init
                0x0800d4f0        0x4 build/obj/crt1.o
                0x0800d4f0                __core_init
 *fill*         0x0800d4f4        0xc 
 .text.__late_init
                0x0800d500        0x4 build/obj/crt1.o
                0x0800d500                __late_init
 *fill*         0x0800d504        0xc 
 .text.__default_exit
                0x0800d510        0x4 build/obj/crt1.o
                0x0800d510                __default_exit
 *fill*         0x0800d514        0xc 
 .text._unhandled_exception
                0x0800d520        0x4 build/obj/vectors.o
                0x0800d520                Vector58
                0x0800d520                VectorE8
                0x0800d520                Vector9C
                0x0800d520                VectorAC
                0x0800d520                DebugMon_Handler
                0x0800d520                Vector1A0
                0x0800d520                Vector5C
                0x0800d520                Vector11C
                0x0800d520                HardFault_Handler
                0x0800d520                Vector1B8
                0x0800d520                Vector19C
                0x0800d520                PendSV_Handler
                0x0800d520                Vector168
                0x0800d520                NMI_Handler
                0x0800d520                Vector110
                0x0800d520                VectorA8
                0x0800d520                Vector160
                0x0800d520                Vector1B0
                0x0800d520                UsageFault_Handler
                0x0800d520                VectorEC
                0x0800d520                Vector40
                0x0800d520                VectorF8
                0x0800d520                Vector108
                0x0800d520                VectorBC
                0x0800d520                Vector190
                0x0800d520                Vector148
                0x0800d520                Vector188
                0x0800d520                Vector198
                0x0800d520                Vector118
                0x0800d520                Vector64
                0x0800d520                VectorCC
                0x0800d520                Vector54
                0x0800d520                VectorD8
                0x0800d520                Vector138
                0x0800d520                Vector24
                0x0800d520                Vector1AC
                0x0800d520                Vector178
                0x0800d520                Vector1A4
                0x0800d520                VectorD0
                0x0800d520                Vector1B4
                0x0800d520                Vector140
                0x0800d520                VectorE4
                0x0800d520                VectorC0
                0x0800d520                Vector134
                0x0800d520                VectorF0
                0x0800d520                Vector13C
                0x0800d520                Vector100
                0x0800d520                VectorF4
                0x0800d520                MemManage_Handler
                0x0800d520                VectorA0
                0x0800d520                Vector180
                0x0800d520                VectorB0
                0x0800d520                Vector114
                0x0800d520                Vector164
                0x0800d520                Vector60
                0x0800d520                Vector1C
                0x0800d520                Vector1BC
                0x0800d520                Vector17C
                0x0800d520                Vector48
                0x0800d520                Vector1A8
                0x0800d520                Vector16C
                0x0800d520                VectorD4
                0x0800d520                Vector4C
                0x0800d520                Vector144
                0x0800d520                Vector68
                0x0800d520                _unhandled_exception
                0x0800d520                Vector170
                0x0800d520                Vector104
                0x0800d520                Vector184
                0x0800d520                Vector10C
                0x0800d520                BusFault_Handler
                0x0800d520                Vector50
                0x0800d520                Vector194
                0x0800d520                Vector44
                0x0800d520                Vector28
                0x0800d520                Vector34
                0x0800d520                VectorA4
                0x0800d520                Vector20
                0x0800d520                Vector18C
                0x0800d520                Vector174
 *fill*         0x0800d524        0xc 
 .text._idle_thread
                0x0800d530        0x4 build/obj/chsys.o
 *fill*         0x0800d534        0xc 
 .text.chSysInit
                0x0800d540       0xa4 build/obj/chsys.o
                0x0800d540                chSysInit
 *fill*         0x0800d5e4        0xc 
 .text.chSysHalt
                0x0800d5f0        0xc build/obj/chsys.o
                0x0800d5f0                chSysHalt
 *fill*         0x0800d5fc        0x4 
 .text.chSysTimerHandlerI
                0x0800d600       0x58 build/obj/chsys.o
                0x0800d600                chSysTimerHandlerI
 *fill*         0x0800d658        0x8 
 .text.chSysPolledDelayX
                0x0800d660       0x14 build/obj/chsys.o
                0x0800d660                chSysPolledDelayX
 *fill*         0x0800d674        0xc 
 .text._vt_init
                0x0800d680       0x1c build/obj/chvt.o
                0x0800d680                _vt_init
 *fill*         0x0800d69c        0x4 
 .text.chVTDoSetI
                0x0800d6a0       0x3c build/obj/chvt.o
                0x0800d6a0                chVTDoSetI
 *fill*         0x0800d6dc        0x4 
 .text.chVTDoResetI
                0x0800d6e0       0x28 build/obj/chvt.o
                0x0800d6e0                chVTDoResetI
 *fill*         0x0800d708        0x8 
 .text.wakeup   0x0800d710       0x70 build/obj/chschd.o
 .text._scheduler_init
                0x0800d780       0x14 build/obj/chschd.o
                0x0800d780                _scheduler_init
 *fill*         0x0800d794        0xc 
 .text.chSchReadyI
                0x0800d7a0       0x2c build/obj/chschd.o
                0x0800d7a0                chSchReadyI
 *fill*         0x0800d7cc        0x4 
 .text.chSchGoSleepS
                0x0800d7d0       0x28 build/obj/chschd.o
                0x0800d7d0                chSchGoSleepS
 *fill*         0x0800d7f8        0x8 
 .text.chSchGoSleepTimeoutS
                0x0800d800       0x44 build/obj/chschd.o
                0x0800d800                chSchGoSleepTimeoutS
 *fill*         0x0800d844        0xc 
 .text.chSchWakeupS
                0x0800d850       0x58 build/obj/chschd.o
                0x0800d850                chSchWakeupS
 *fill*         0x0800d8a8        0x8 
 .text.chSchIsPreemptionRequired
                0x0800d8b0       0x28 build/obj/chschd.o
                0x0800d8b0                chSchIsPreemptionRequired
 *fill*         0x0800d8d8        0x8 
 .text.chSchDoRescheduleBehind
                0x0800d8e0       0x40 build/obj/chschd.o
                0x0800d8e0                chSchDoRescheduleBehind
 .text.chSchDoRescheduleAhead
                0x0800d920       0x3c build/obj/chschd.o
                0x0800d920                chSchDoRescheduleAhead
 *fill*         0x0800d95c        0x4 
 .text.chSchRescheduleS
                0x0800d960       0x18 build/obj/chschd.o
                0x0800d960                chSchRescheduleS
 *fill*         0x0800d978        0x8 
 .text.chSchDoReschedule
                0x0800d980       0x14 build/obj/chschd.o
                0x0800d980                chSchDoReschedule
 *fill*         0x0800d994        0xc 
 .text._thread_init
                0x0800d9a0       0x50 build/obj/chthreads.o
                0x0800d9a0                _thread_init
 .text.chThdCreateI
                0x0800d9f0       0x70 build/obj/chthreads.o
                0x0800d9f0                chThdCreateI
 .text.chThdCreateStatic
                0x0800da60       0x80 build/obj/chthreads.o
                0x0800da60                chThdCreateStatic
 .text.chThdSleep
                0x0800dae0       0x18 build/obj/chthreads.o
                0x0800dae0                chThdSleep
 *fill*         0x0800daf8        0x8 
 .text.chThdExitS
                0x0800db00       0x40 build/obj/chthreads.o
                0x0800db00                chThdExitS
 .text.chThdExit
                0x0800db40        0xc build/obj/chthreads.o
                0x0800db40                chThdExit
 *fill*         0x0800db4c        0x4 
 .text.chThdSuspendS
                0x0800db50       0x1c build/obj/chthreads.o
                0x0800db50                chThdSuspendS
 *fill*         0x0800db6c        0x4 
 .text.chThdSuspendTimeoutS
                0x0800db70       0x1c build/obj/chthreads.o
                0x0800db70                chThdSuspendTimeoutS
 *fill*         0x0800db8c        0x4 
 .text.chThdResumeI
                0x0800db90       0x14 build/obj/chthreads.o
                0x0800db90                chThdResumeI
 *fill*         0x0800dba4        0xc 
 .text.chThdEnqueueTimeoutS
                0x0800dbb0       0x28 build/obj/chthreads.o
                0x0800dbb0                chThdEnqueueTimeoutS
 *fill*         0x0800dbd8        0x8 
 .text.chThdDequeueAllI
                0x0800dbe0       0x24 build/obj/chthreads.o
                0x0800dbe0                chThdDequeueAllI
 *fill*         0x0800dc04        0xc 
 .text.chTMStartMeasurementX
                0x0800dc10        0xc build/obj/chtm.o
                0x0800dc10                chTMStartMeasurementX
 *fill*         0x0800dc1c        0x4 
 .text.chTMStopMeasurementX
                0x0800dc20       0x48 build/obj/chtm.o
                0x0800dc20                chTMStopMeasurementX
 *fill*         0x0800dc68        0x8 
 .text._tm_init
                0x0800dc70       0x38 build/obj/chtm.o
                0x0800dc70                _tm_init
 *fill*         0x0800dca8        0x8 
 .text.chThdRelease
                0x0800dcb0       0x50 build/obj/chdynamic.o
                0x0800dcb0                chThdRelease
 .text.chRegFirstThread
                0x0800dd00       0x1c build/obj/chregistry.o
                0x0800dd00                chRegFirstThread
 *fill*         0x0800dd1c        0x4 
 .text.chRegNextThread
                0x0800dd20       0x2c build/obj/chregistry.o
                0x0800dd20                chRegNextThread
 *fill*         0x0800dd4c        0x4 
 .text.chMtxObjectInit
                0x0800dd50        0xc build/obj/chmtx.o
                0x0800dd50                chMtxObjectInit
 *fill*         0x0800dd5c        0x4 
 .text.chMtxLockS
                0x0800dd60       0xc8 build/obj/chmtx.o
                0x0800dd60                chMtxLockS
 *fill*         0x0800de28        0x8 
 .text.chMtxLock
                0x0800de30       0x14 build/obj/chmtx.o
                0x0800de30                chMtxLock
 *fill*         0x0800de44        0xc 
 .text.chMtxUnlock
                0x0800de50       0x64 build/obj/chmtx.o
                0x0800de50                chMtxUnlock
 *fill*         0x0800deb4        0xc 
 .text.chEvtRegisterMaskWithFlags
                0x0800dec0       0x28 build/obj/chevents.o
                0x0800dec0                chEvtRegisterMaskWithFlags
 *fill*         0x0800dee8        0x8 
 .text.chEvtUnregister
                0x0800def0       0x2c build/obj/chevents.o
                0x0800def0                chEvtUnregister
 *fill*         0x0800df1c        0x4 
 .text.chEvtSignalI
                0x0800df20       0x2c build/obj/chevents.o
                0x0800df20                chEvtSignalI
 *fill*         0x0800df4c        0x4 
 .text.chEvtBroadcastFlagsI
                0x0800df50       0x2c build/obj/chevents.o
                0x0800df50                chEvtBroadcastFlagsI
 *fill*         0x0800df7c        0x4 
 .text.chEvtSignal
                0x0800df80       0x18 build/obj/chevents.o
                0x0800df80                chEvtSignal
 *fill*         0x0800df98        0x8 
 .text.chEvtWaitAny
                0x0800dfa0       0x38 build/obj/chevents.o
                0x0800dfa0                chEvtWaitAny
 *fill*         0x0800dfd8        0x8 
 .text.chEvtWaitAnyTimeout
                0x0800dfe0       0x50 build/obj/chevents.o
                0x0800dfe0                chEvtWaitAnyTimeout
 .text.chIQObjectInit
                0x0800e030       0x20 build/obj/chqueues.o
                0x0800e030                chIQObjectInit
 .text.chIQResetI
                0x0800e050       0x14 build/obj/chqueues.o
                0x0800e050                chIQResetI
 *fill*         0x0800e064        0xc 
 .text.chIQGetTimeout
                0x0800e070       0x50 build/obj/chqueues.o
                0x0800e070                chIQGetTimeout
 .text.chIQReadTimeout
                0x0800e0c0       0x78 build/obj/chqueues.o
                0x0800e0c0                chIQReadTimeout
 *fill*         0x0800e138        0x8 
 .text.chOQObjectInit
                0x0800e140       0x1c build/obj/chqueues.o
                0x0800e140                chOQObjectInit
 *fill*         0x0800e15c        0x4 
 .text.chOQResetI
                0x0800e160       0x1c build/obj/chqueues.o
                0x0800e160                chOQResetI
 *fill*         0x0800e17c        0x4 
 .text.chOQPutTimeout
                0x0800e180       0x54 build/obj/chqueues.o
                0x0800e180                chOQPutTimeout
 *fill*         0x0800e1d4        0xc 
 .text.chOQWriteTimeout
                0x0800e1e0       0x84 build/obj/chqueues.o
                0x0800e1e0                chOQWriteTimeout
 *fill*         0x0800e264        0xc 
 .text._core_init
                0x0800e270       0x28 build/obj/chmemcore.o
                0x0800e270                _core_init
 *fill*         0x0800e298        0x8 
 .text.chCoreAlloc
                0x0800e2a0       0x38 build/obj/chmemcore.o
                0x0800e2a0                chCoreAlloc
 *fill*         0x0800e2d8        0x8 
 .text.chCoreGetStatusX
                0x0800e2e0       0x14 build/obj/chmemcore.o
                0x0800e2e0                chCoreGetStatusX
 *fill*         0x0800e2f4        0xc 
 .text._heap_init
                0x0800e300       0x1c build/obj/chheap.o
                0x0800e300                _heap_init
 *fill*         0x0800e31c        0x4 
 .text.chHeapFree
                0x0800e320       0x94 build/obj/chheap.o
                0x0800e320                chHeapFree
 *fill*         0x0800e3b4        0xc 
 .text.chHeapStatus
                0x0800e3c0       0x44 build/obj/chheap.o
                0x0800e3c0                chHeapStatus
 *fill*         0x0800e404        0xc 
 .text.chPoolFree
                0x0800e410       0x14 build/obj/chmempools.o
                0x0800e410                chPoolFree
 *fill*         0x0800e424        0xc 
 .text.SVC_Handler
                0x0800e430       0x20 build/obj/chcore_v7m.o
                0x0800e430                SVC_Handler
 .text._port_irq_epilogue
                0x0800e450       0x60 build/obj/chcore_v7m.o
                0x0800e450                _port_irq_epilogue
 .text.halInit  0x0800e4b0       0x38 build/obj/hal.o
                0x0800e4b0                halInit
 *fill*         0x0800e4e8        0x8 
 .text.stInit   0x0800e4f0        0x4 build/obj/st.o
                0x0800e4f0                stInit
 *fill*         0x0800e4f4        0xc 
 .text.canInit  0x0800e500        0x4 build/obj/can.o
                0x0800e500                canInit
 *fill*         0x0800e504        0xc 
 .text.canObjectInit
                0x0800e510       0x44 build/obj/can.o
                0x0800e510                canObjectInit
 *fill*         0x0800e554        0xc 
 .text.canStart
                0x0800e560       0x20 build/obj/can.o
                0x0800e560                canStart
 .text.canTransmit
                0x0800e580       0x50 build/obj/can.o
                0x0800e580                canTransmit
 .text.canReceive
                0x0800e5d0       0x50 build/obj/can.o
                0x0800e5d0                canReceive
 .text.i2cInit  0x0800e620        0x4 build/obj/i2c.o
                0x0800e620                i2cInit
 *fill*         0x0800e624        0xc 
 .text.i2cObjectInit
                0x0800e630       0x10 build/obj/i2c.o
                0x0800e630                i2cObjectInit
 .text.i2cStart
                0x0800e640       0x1c build/obj/i2c.o
                0x0800e640                i2cStart
 *fill*         0x0800e65c        0x4 
 .text.i2cStop  0x0800e660       0x1c build/obj/i2c.o
                0x0800e660                i2cStop
 *fill*         0x0800e67c        0x4 
 .text.i2cMasterTransmitTimeout
                0x0800e680       0x40 build/obj/i2c.o
                0x0800e680                i2cMasterTransmitTimeout
 .text.i2cMasterReceiveTimeout
                0x0800e6c0       0x30 build/obj/i2c.o
                0x0800e6c0                i2cMasterReceiveTimeout
 .text.i2cAcquireBus
                0x0800e6f0        0x8 build/obj/i2c.o
                0x0800e6f0                i2cAcquireBus
 *fill*         0x0800e6f8        0x8 
 .text.i2cReleaseBus
                0x0800e700        0x8 build/obj/i2c.o
                0x0800e700                i2cReleaseBus
 *fill*         0x0800e708        0x8 
 .text.icuInit  0x0800e710        0x4 build/obj/icu.o
                0x0800e710                icuInit
 *fill*         0x0800e714        0xc 
 .text.icuObjectInit
                0x0800e720        0xc build/obj/icu.o
                0x0800e720                icuObjectInit
 *fill*         0x0800e72c        0x4 
 .text.icuStart
                0x0800e730       0x1c build/obj/icu.o
                0x0800e730                icuStart
 *fill*         0x0800e74c        0x4 
 .text.icuStartCapture
                0x0800e750       0x1c build/obj/icu.o
                0x0800e750                icuStartCapture
 *fill*         0x0800e76c        0x4 
 .text.icuEnableNotifications
                0x0800e770       0x14 build/obj/icu.o
                0x0800e770                icuEnableNotifications
 *fill*         0x0800e784        0xc 
 .text.onotify  0x0800e790       0x5c build/obj/serial_usb.o
 *fill*         0x0800e7ec        0x4 
 .text.inotify  0x0800e7f0       0x6c build/obj/serial_usb.o
 *fill*         0x0800e85c        0x4 
 .text.readt    0x0800e860        0x8 build/obj/serial_usb.o
 *fill*         0x0800e868        0x8 
 .text.read     0x0800e870        0xc build/obj/serial_usb.o
 *fill*         0x0800e87c        0x4 
 .text.writet   0x0800e880        0x8 build/obj/serial_usb.o
 *fill*         0x0800e888        0x8 
 .text.write    0x0800e890        0xc build/obj/serial_usb.o
 *fill*         0x0800e89c        0x4 
 .text.gett     0x0800e8a0        0x8 build/obj/serial_usb.o
 *fill*         0x0800e8a8        0x8 
 .text.get      0x0800e8b0        0xc build/obj/serial_usb.o
 *fill*         0x0800e8bc        0x4 
 .text.putt     0x0800e8c0        0x8 build/obj/serial_usb.o
 *fill*         0x0800e8c8        0x8 
 .text.put      0x0800e8d0        0xc build/obj/serial_usb.o
 *fill*         0x0800e8dc        0x4 
 .text.sduInit  0x0800e8e0        0x4 build/obj/serial_usb.o
                0x0800e8e0                sduInit
 *fill*         0x0800e8e4        0xc 
 .text.sduObjectInit
                0x0800e8f0       0x4c build/obj/serial_usb.o
                0x0800e8f0                sduObjectInit
 *fill*         0x0800e93c        0x4 
 .text.sduStart
                0x0800e940       0x34 build/obj/serial_usb.o
                0x0800e940                sduStart
 *fill*         0x0800e974        0xc 
 .text.sduConfigureHookI
                0x0800e980       0x4c build/obj/serial_usb.o
                0x0800e980                sduConfigureHookI
 *fill*         0x0800e9cc        0x4 
 .text.sduRequestsHook
                0x0800e9d0       0x40 build/obj/serial_usb.o
                0x0800e9d0                sduRequestsHook
 .text.sduDataTransmitted
                0x0800ea10       0x6c build/obj/serial_usb.o
                0x0800ea10                sduDataTransmitted
 *fill*         0x0800ea7c        0x4 
 .text.sduDataReceived
                0x0800ea80       0x6c build/obj/serial_usb.o
                0x0800ea80                sduDataReceived
 *fill*         0x0800eaec        0x4 
 .text.sduInterruptTransmitted
                0x0800eaf0        0x4 build/obj/serial_usb.o
                0x0800eaf0                sduInterruptTransmitted
 *fill*         0x0800eaf4        0xc 
 .text.spiInit  0x0800eb00        0x4 build/obj/spi.o
                0x0800eb00                spiInit
 *fill*         0x0800eb04        0xc 
 .text.spiObjectInit
                0x0800eb10       0x10 build/obj/spi.o
                0x0800eb10                spiObjectInit
 .text.uartInit
                0x0800eb20        0x4 build/obj/uart.o
                0x0800eb20                uartInit
 *fill*         0x0800eb24        0xc 
 .text.uartObjectInit
                0x0800eb30       0x10 build/obj/uart.o
                0x0800eb30                uartObjectInit
 .text.uartStart
                0x0800eb40       0x1c build/obj/uart.o
                0x0800eb40                uartStart
 *fill*         0x0800eb5c        0x4 
 .text.uartStop
                0x0800eb60       0x20 build/obj/uart.o
                0x0800eb60                uartStop
 .text.uartStartSend
                0x0800eb80       0x1c build/obj/uart.o
                0x0800eb80                uartStartSend
 *fill*         0x0800eb9c        0x4 
 .text.usbInit  0x0800eba0        0x4 build/obj/usb.o
                0x0800eba0                usbInit
 *fill*         0x0800eba4        0xc 
 .text.usbObjectInit
                0x0800ebb0       0x1c build/obj/usb.o
                0x0800ebb0                usbObjectInit
 *fill*         0x0800ebcc        0x4 
 .text.usbStart
                0x0800ebd0       0x24 build/obj/usb.o
                0x0800ebd0                usbStart
 *fill*         0x0800ebf4        0xc 
 .text.usbStop  0x0800ec00       0x1c build/obj/usb.o
                0x0800ec00                usbStop
 *fill*         0x0800ec1c        0x4 
 .text.usbInitEndpointI
                0x0800ec20       0x34 build/obj/usb.o
                0x0800ec20                usbInitEndpointI
 *fill*         0x0800ec54        0xc 
 .text.usbPrepareQueuedReceive
                0x0800ec60       0x1c build/obj/usb.o
                0x0800ec60                usbPrepareQueuedReceive
 *fill*         0x0800ec7c        0x4 
 .text.usbPrepareQueuedTransmit
                0x0800ec80       0x1c build/obj/usb.o
                0x0800ec80                usbPrepareQueuedTransmit
 *fill*         0x0800ec9c        0x4 
 .text.usbStartReceiveI
                0x0800eca0       0x24 build/obj/usb.o
                0x0800eca0                usbStartReceiveI
 *fill*         0x0800ecc4        0xc 
 .text.usbStartTransmitI
                0x0800ecd0       0x24 build/obj/usb.o
                0x0800ecd0                usbStartTransmitI
 *fill*         0x0800ecf4        0xc 
 .text._usb_reset
                0x0800ed00       0x28 build/obj/usb.o
                0x0800ed00                _usb_reset
 *fill*         0x0800ed28        0x8 
 .text._usb_ep0setup
                0x0800ed30      0x34c build/obj/usb.o
                0x0800ed30                _usb_ep0setup
 *fill*         0x0800f07c        0x4 
 .text._usb_ep0in
                0x0800f080       0xc4 build/obj/usb.o
                0x0800f080                _usb_ep0in
 *fill*         0x0800f144        0xc 
 .text._usb_ep0out
                0x0800f150       0x88 build/obj/usb.o
                0x0800f150                _usb_ep0out
 *fill*         0x0800f1d8        0x8 
 .text.nvicEnableVector
                0x0800f1e0       0x34 build/obj/nvic.o
                0x0800f1e0                nvicEnableVector
 *fill*         0x0800f214        0xc 
 .text.nvicDisableVector
                0x0800f220       0x28 build/obj/nvic.o
                0x0800f220                nvicDisableVector
 *fill*         0x0800f248        0x8 
 .text.nvicSetSystemHandlerPriority
                0x0800f250       0x10 build/obj/nvic.o
                0x0800f250                nvicSetSystemHandlerPriority
 .text.Vector6C
                0x0800f260       0x28 build/obj/stm32_dma.o
                0x0800f260                Vector6C
 *fill*         0x0800f288        0x8 
 .text.Vector70
                0x0800f290       0x2c build/obj/stm32_dma.o
                0x0800f290                Vector70
 *fill*         0x0800f2bc        0x4 
 .text.Vector74
                0x0800f2c0       0x2c build/obj/stm32_dma.o
                0x0800f2c0                Vector74
 *fill*         0x0800f2ec        0x4 
 .text.Vector78
                0x0800f2f0       0x2c build/obj/stm32_dma.o
                0x0800f2f0                Vector78
 *fill*         0x0800f31c        0x4 
 .text.Vector7C
                0x0800f320       0x28 build/obj/stm32_dma.o
                0x0800f320                Vector7C
 *fill*         0x0800f348        0x8 
 .text.Vector80
                0x0800f350       0x2c build/obj/stm32_dma.o
                0x0800f350                Vector80
 *fill*         0x0800f37c        0x4 
 .text.Vector84
                0x0800f380       0x2c build/obj/stm32_dma.o
                0x0800f380                Vector84
 *fill*         0x0800f3ac        0x4 
 .text.VectorFC
                0x0800f3b0       0x2c build/obj/stm32_dma.o
                0x0800f3b0                VectorFC
 *fill*         0x0800f3dc        0x4 
 .text.Vector120
                0x0800f3e0       0x28 build/obj/stm32_dma.o
                0x0800f3e0                Vector120
 *fill*         0x0800f408        0x8 
 .text.Vector124
                0x0800f410       0x2c build/obj/stm32_dma.o
                0x0800f410                Vector124
 *fill*         0x0800f43c        0x4 
 .text.Vector128
                0x0800f440       0x2c build/obj/stm32_dma.o
                0x0800f440                Vector128
 *fill*         0x0800f46c        0x4 
 .text.Vector12C
                0x0800f470       0x2c build/obj/stm32_dma.o
                0x0800f470                Vector12C
 *fill*         0x0800f49c        0x4 
 .text.Vector130
                0x0800f4a0       0x28 build/obj/stm32_dma.o
                0x0800f4a0                Vector130
 *fill*         0x0800f4c8        0x8 
 .text.Vector150
                0x0800f4d0       0x2c build/obj/stm32_dma.o
                0x0800f4d0                Vector150
 *fill*         0x0800f4fc        0x4 
 .text.Vector154
                0x0800f500       0x2c build/obj/stm32_dma.o
                0x0800f500                Vector154
 *fill*         0x0800f52c        0x4 
 .text.Vector158
                0x0800f530       0x2c build/obj/stm32_dma.o
                0x0800f530                Vector158
 *fill*         0x0800f55c        0x4 
 .text.dmaInit  0x0800f560       0x4c build/obj/stm32_dma.o
                0x0800f560                dmaInit
 *fill*         0x0800f5ac        0x4 
 .text.dmaStreamAllocate
                0x0800f5b0       0x8c build/obj/stm32_dma.o
                0x0800f5b0                dmaStreamAllocate
 *fill*         0x0800f63c        0x4 
 .text.dmaStreamRelease
                0x0800f640       0x44 build/obj/stm32_dma.o
                0x0800f640                dmaStreamRelease
 *fill*         0x0800f684        0xc 
 .text.hal_lld_init
                0x0800f690       0x68 build/obj/hal_lld.o
                0x0800f690                hal_lld_init
 *fill*         0x0800f6f8        0x8 
 .text.stm32_clock_init
                0x0800f700       0xc8 build/obj/hal_lld.o
                0x0800f700                stm32_clock_init
 *fill*         0x0800f7c8        0x8 
 .text.SysTick_Handler
                0x0800f7d0       0x1c build/obj/st_lld.o
                0x0800f7d0                SysTick_Handler
 *fill*         0x0800f7ec        0x4 
 .text.st_lld_init
                0x0800f7f0       0x1c build/obj/st_lld.o
                0x0800f7f0                st_lld_init
 *fill*         0x0800f80c        0x4 
 .text.can_lld_set_filters
                0x0800f810      0x118 build/obj/can_lld.o
 *fill*         0x0800f928        0x8 
 .text.Vector8C
                0x0800f930       0x3c build/obj/can_lld.o
                0x0800f930                Vector8C
 *fill*         0x0800f96c        0x4 
 .text.Vector90
                0x0800f970       0x64 build/obj/can_lld.o
                0x0800f970                Vector90
 *fill*         0x0800f9d4        0xc 
 .text.Vector94
                0x0800f9e0       0x64 build/obj/can_lld.o
                0x0800f9e0                Vector94
 *fill*         0x0800fa44        0xc 
 .text.Vector98
                0x0800fa50       0x78 build/obj/can_lld.o
                0x0800fa50                Vector98
 *fill*         0x0800fac8        0x8 
 .text.can_lld_init
                0x0800fad0       0x24 build/obj/can_lld.o
                0x0800fad0                can_lld_init
 *fill*         0x0800faf4        0xc 
 .text.can_lld_start
                0x0800fb00       0x70 build/obj/can_lld.o
                0x0800fb00                can_lld_start
 .text.can_lld_is_tx_empty
                0x0800fb70       0x40 build/obj/can_lld.o
                0x0800fb70                can_lld_is_tx_empty
 .text.can_lld_transmit
                0x0800fbb0       0x78 build/obj/can_lld.o
                0x0800fbb0                can_lld_transmit
 *fill*         0x0800fc28        0x8 
 .text.can_lld_is_rx_nonempty
                0x0800fc30       0x38 build/obj/can_lld.o
                0x0800fc30                can_lld_is_rx_nonempty
 *fill*         0x0800fc68        0x8 
 .text.can_lld_receive
                0x0800fc70       0xc8 build/obj/can_lld.o
                0x0800fc70                can_lld_receive
 *fill*         0x0800fd38        0x8 
 .text._pal_lld_init
                0x0800fd40      0x1cc build/obj/pal_lld.o
                0x0800fd40                _pal_lld_init
 *fill*         0x0800ff0c        0x4 
 .text._pal_lld_setgroupmode
                0x0800ff10       0xac build/obj/pal_lld.o
                0x0800ff10                _pal_lld_setgroupmode
 *fill*         0x0800ffbc        0x4 
 .text.i2c_lld_serve_tx_end_irq
                0x0800ffc0       0x40 build/obj/i2c_lld.o
 .text.i2c_lld_serve_rx_end_irq
                0x08010000       0x64 build/obj/i2c_lld.o
 *fill*         0x08010064        0xc 
 .text.VectorC4
                0x08010070       0xf8 build/obj/i2c_lld.o
                0x08010070                VectorC4
 *fill*         0x08010168        0x8 
 .text.VectorC8
                0x08010170       0xdc build/obj/i2c_lld.o
                0x08010170                VectorC8
 *fill*         0x0801024c        0x4 
 .text.i2c_lld_init
                0x08010250       0x2c build/obj/i2c_lld.o
                0x08010250                i2c_lld_init
 *fill*         0x0801027c        0x4 
 .text.i2c_lld_start
                0x08010280      0x180 build/obj/i2c_lld.o
                0x08010280                i2c_lld_start
 .text.i2c_lld_stop
                0x08010400       0x88 build/obj/i2c_lld.o
                0x08010400                i2c_lld_stop
 *fill*         0x08010488        0x8 
 .text.i2c_lld_master_receive_timeout
                0x08010490       0x74 build/obj/i2c_lld.o
                0x08010490                i2c_lld_master_receive_timeout
 *fill*         0x08010504        0xc 
 .text.i2c_lld_master_transmit_timeout
                0x08010510       0x90 build/obj/i2c_lld.o
                0x08010510                i2c_lld_master_transmit_timeout
 .text.usb_lld_pump
                0x080105a0      0x328 build/obj/usb_lld.o
                0x080105a0                usb_lld_pump
 *fill*         0x080108c8        0x8 
 .text.otg_disable_ep.isra.0
                0x080108d0       0x74 build/obj/usb_lld.o
 *fill*         0x08010944        0xc 
 .text.usb_lld_init
                0x08010950       0x24 build/obj/usb_lld.o
                0x08010950                usb_lld_init
 *fill*         0x08010974        0xc 
 .text.usb_lld_start
                0x08010980       0xe8 build/obj/usb_lld.o
                0x08010980                usb_lld_start
 *fill*         0x08010a68        0x8 
 .text.usb_lld_stop
                0x08010a70       0x44 build/obj/usb_lld.o
                0x08010a70                usb_lld_stop
 *fill*         0x08010ab4        0xc 
 .text.usb_lld_reset
                0x08010ac0       0xc4 build/obj/usb_lld.o
                0x08010ac0                usb_lld_reset
 *fill*         0x08010b84        0xc 
 .text.usb_lld_set_address
                0x08010b90       0x18 build/obj/usb_lld.o
                0x08010b90                usb_lld_set_address
 *fill*         0x08010ba8        0x8 
 .text.usb_lld_init_endpoint
                0x08010bb0      0x160 build/obj/usb_lld.o
                0x08010bb0                usb_lld_init_endpoint
 .text.usb_lld_get_status_out
                0x08010d10       0x1c build/obj/usb_lld.o
                0x08010d10                usb_lld_get_status_out
 *fill*         0x08010d2c        0x4 
 .text.usb_lld_get_status_in
                0x08010d30       0x1c build/obj/usb_lld.o
                0x08010d30                usb_lld_get_status_in
 *fill*         0x08010d4c        0x4 
 .text.usb_lld_read_setup
                0x08010d50       0x14 build/obj/usb_lld.o
                0x08010d50                usb_lld_read_setup
 *fill*         0x08010d64        0xc 
 .text.usb_lld_prepare_receive
                0x08010d70       0x44 build/obj/usb_lld.o
                0x08010d70                usb_lld_prepare_receive
 *fill*         0x08010db4        0xc 
 .text.otg_epout_handler.constprop.7
                0x08010dc0       0xa4 build/obj/usb_lld.o
 *fill*         0x08010e64        0xc 
 .text.usb_lld_prepare_transmit
                0x08010e70       0x50 build/obj/usb_lld.o
                0x08010e70                usb_lld_prepare_transmit
 .text.otg_epin_handler.constprop.8
                0x08010ec0       0xd0 build/obj/usb_lld.o
 .text.Vector14C
                0x08010f90       0xf4 build/obj/usb_lld.o
                0x08010f90                Vector14C
 *fill*         0x08011084        0xc 
 .text.usb_lld_start_out
                0x08011090       0x14 build/obj/usb_lld.o
                0x08011090                usb_lld_start_out
 *fill*         0x080110a4        0xc 
 .text.usb_lld_start_in
                0x080110b0       0x28 build/obj/usb_lld.o
                0x080110b0                usb_lld_start_in
 *fill*         0x080110d8        0x8 
 .text.usb_lld_stall_out
                0x080110e0       0x14 build/obj/usb_lld.o
                0x080110e0                usb_lld_stall_out
 *fill*         0x080110f4        0xc 
 .text.usb_lld_stall_in
                0x08011100       0x14 build/obj/usb_lld.o
                0x08011100                usb_lld_stall_in
 *fill*         0x08011114        0xc 
 .text.usb_lld_clear_out
                0x08011120       0x14 build/obj/usb_lld.o
                0x08011120                usb_lld_clear_out
 *fill*         0x08011134        0xc 
 .text.usb_lld_clear_in
                0x08011140       0x14 build/obj/usb_lld.o
                0x08011140                usb_lld_clear_in
 *fill*         0x08011154        0xc 
 .text.spi_lld_init
                0x08011160       0x44 build/obj/spi_lld.o
                0x08011160                spi_lld_init
 *fill*         0x080111a4        0xc 
 .text.VectorB4
                0x080111b0       0x9c build/obj/icu_lld.o
                0x080111b0                VectorB4
 *fill*         0x0801124c        0x4 
 .text.icu_lld_init
                0x08011250       0x18 build/obj/icu_lld.o
                0x08011250                icu_lld_init
 *fill*         0x08011268        0x8 
 .text.icu_lld_start
                0x08011270       0xbc build/obj/icu_lld.o
                0x08011270                icu_lld_start
 *fill*         0x0801132c        0x4 
 .text.icu_lld_start_capture
                0x08011330       0x14 build/obj/icu_lld.o
                0x08011330                icu_lld_start_capture
 *fill*         0x08011344        0xc 
 .text.icu_lld_enable_notifications
                0x08011350       0x40 build/obj/icu_lld.o
                0x08011350                icu_lld_enable_notifications
 .text.usart_stop
                0x08011390       0x48 build/obj/uart_lld.o
 *fill*         0x080113d8        0x8 
 .text.serve_usart_irq
                0x080113e0       0x78 build/obj/uart_lld.o
 *fill*         0x08011458        0x8 
 .text.uart_lld_serve_tx_end_irq
                0x08011460       0x50 build/obj/uart_lld.o
 .text.uart_lld_serve_rx_end_irq
                0x080114b0       0x90 build/obj/uart_lld.o
 .text.VectorDC
                0x08011540       0x14 build/obj/uart_lld.o
                0x08011540                VectorDC
 *fill*         0x08011554        0xc 
 .text.Vector15C
                0x08011560       0x14 build/obj/uart_lld.o
                0x08011560                Vector15C
 *fill*         0x08011574        0xc 
 .text.uart_lld_init
                0x08011580       0x48 build/obj/uart_lld.o
                0x08011580                uart_lld_init
 *fill*         0x080115c8        0x8 
 .text.uart_lld_start
                0x080115d0      0x15c build/obj/uart_lld.o
                0x080115d0                uart_lld_start
 *fill*         0x0801172c        0x4 
 .text.uart_lld_stop
                0x08011730       0x5c build/obj/uart_lld.o
                0x08011730                uart_lld_stop
 *fill*         0x0801178c        0x4 
 .text.uart_lld_start_send
                0x08011790       0x34 build/obj/uart_lld.o
                0x08011790                uart_lld_start_send
 *fill*         0x080117c4        0xc 
 .text.__early_init
                0x080117d0        0x4 build/obj/board.o
                0x080117d0                __early_init
 *fill*         0x080117d4        0xc 
 .text.boardInit
                0x080117e0        0x4 build/obj/board.o
                0x080117e0                boardInit
 *fill*         0x080117e4        0xc 
 .text._sbrk_r  0x080117f0       0x18 build/obj/syscalls.o
                0x080117f0                _sbrk_r
 *fill*         0x08011808        0x8 
 .text.timer_thread
                0x08011810       0x20 build/obj/main.o
 .text.periodic_thread
                0x08011830      0x12c build/obj/main.o
 *fill*         0x0801195c        0x4 
 .text.startup.main
                0x08011960       0xa0 build/obj/main.o
                0x08011960                main
 .text.get_descriptor
                0x08011a00       0x30 build/obj/comm_usb_serial.o
 .text.usb_event
                0x08011a30       0x40 build/obj/comm_usb_serial.o
 .text.comm_usb_serial_init
                0x08011a70       0x4c build/obj/comm_usb_serial.o
                0x08011a70                comm_usb_serial_init
 *fill*         0x08011abc        0x4 
 .text.Vector88
                0x08011ac0       0x1c build/obj/irq_handlers.o
                0x08011ac0                Vector88
 *fill*         0x08011adc        0x4 
 .text.VectorE0
                0x08011ae0       0x20 build/obj/irq_handlers.o
                0x08011ae0                VectorE0
 .text.VectorB8
                0x08011b00       0x24 build/obj/irq_handlers.o
                0x08011b00                VectorB8
 *fill*         0x08011b24        0xc 
 .text.buffer_append_int16
                0x08011b30       0x18 build/obj/buffer.o
                0x08011b30                buffer_append_int16
 *fill*         0x08011b48        0x8 
 .text.buffer_append_uint16
                0x08011b50       0x18 build/obj/buffer.o
                0x08011b50                buffer_append_uint16
 *fill*         0x08011b68        0x8 
 .text.buffer_append_int32
                0x08011b70       0x2c build/obj/buffer.o
                0x08011b70                buffer_append_int32
 *fill*         0x08011b9c        0x4 
 .text.buffer_append_uint32
                0x08011ba0       0x2c build/obj/buffer.o
                0x08011ba0                buffer_append_uint32
 *fill*         0x08011bcc        0x4 
 .text.buffer_append_float16
                0x08011bd0       0x30 build/obj/buffer.o
                0x08011bd0                buffer_append_float16
 .text.buffer_append_float32
                0x08011c00       0x14 build/obj/buffer.o
                0x08011c00                buffer_append_float32
 *fill*         0x08011c14        0xc 
 .text.buffer_get_int16
                0x08011c20       0x14 build/obj/buffer.o
                0x08011c20                buffer_get_int16
 *fill*         0x08011c34        0xc 
 .text.buffer_get_uint16
                0x08011c40       0x14 build/obj/buffer.o
                0x08011c40                buffer_get_uint16
 *fill*         0x08011c54        0xc 
 .text.buffer_get_int32
                0x08011c60       0x24 build/obj/buffer.o
                0x08011c60                buffer_get_int32
 *fill*         0x08011c84        0xc 
 .text.buffer_get_uint32
                0x08011c90       0x24 build/obj/buffer.o
                0x08011c90                buffer_get_uint32
 *fill*         0x08011cb4        0xc 
 .text.buffer_get_float16
                0x08011cc0       0x20 build/obj/buffer.o
                0x08011cc0                buffer_get_float16
 .text.buffer_get_float32
                0x08011ce0       0x20 build/obj/buffer.o
                0x08011ce0                buffer_get_float32
 .text.send_packet
                0x08011d00       0x1c build/obj/comm_usb.o
 *fill*         0x08011d1c        0x4 
 .text.serial_process_thread
                0x08011d20       0x60 build/obj/comm_usb.o
 .text.serial_read_thread
                0x08011d80       0x74 build/obj/comm_usb.o
 *fill*         0x08011df4        0xc 
 .text.process_packet
                0x08011e00       0x1c build/obj/comm_usb.o
 *fill*         0x08011e1c        0x4 
 .text.send_packet_wrapper
                0x08011e20       0x28 build/obj/comm_usb.o
 *fill*         0x08011e48        0x8 
 .text.comm_usb_init
                0x08011e50       0x5c build/obj/comm_usb.o
                0x08011e50                comm_usb_init
 *fill*         0x08011eac        0x4 
 .text.crc16    0x08011eb0       0x30 build/obj/crc.o
                0x08011eb0                crc16
 .text.filter_fft
                0x08011ee0      0x1f0 build/obj/digital_filter.o
                0x08011ee0                filter_fft
 .text.filter_hamming
                0x080120d0       0xd4 build/obj/digital_filter.o
                0x080120d0                filter_hamming
 *fill*         0x080121a4        0xc 
 .text.filter_create_fir_lowpass
                0x080121b0       0xc4 build/obj/digital_filter.o
                0x080121b0                filter_create_fir_lowpass
 *fill*         0x08012274        0xc 
 .text.filter_run_fir_iteration
                0x08012280       0x40 build/obj/digital_filter.o
                0x08012280                filter_run_fir_iteration
 .text.filter_add_sample
                0x080122c0       0x24 build/obj/digital_filter.o
                0x080122c0                filter_add_sample
 *fill*         0x080122e4        0xc 
 .text.ledpwm_init
                0x080122f0       0x58 build/obj/ledpwm.o
                0x080122f0                ledpwm_init
 *fill*         0x08012348        0x8 
 .text.ledpwm_set_intensity
                0x08012350       0x50 build/obj/ledpwm.o
                0x08012350                ledpwm_set_intensity
 .text.ledpwm_update_pwm
                0x080123a0       0x40 build/obj/ledpwm.o
                0x080123a0                ledpwm_update_pwm
 .text.update_adc_sample_pos
                0x080123e0      0x200 build/obj/mcpwm.o
 .text.update_rpm_tacho
                0x080125e0       0x9c build/obj/mcpwm.o
 *fill*         0x0801267c        0x4 
 .text.update_sensor_mode
                0x08012680       0x58 build/obj/mcpwm.o
 *fill*         0x080126d8        0x8 
 .text.update_timer_attempt
                0x080126e0       0x78 build/obj/mcpwm.o
 *fill*         0x08012758        0x8 
 .text.set_next_timer_settings
                0x08012760       0x2c build/obj/mcpwm.o
 *fill*         0x0801278c        0x4 
 .text.set_duty_cycle_hw
                0x08012790      0x12c build/obj/mcpwm.o
 *fill*         0x080128bc        0x4 
 .text.rpm_thread
                0x080128c0      0x418 build/obj/mcpwm.o
 *fill*         0x08012cd8        0x8 
 .text.timer_thread
                0x08012ce0      0x250 build/obj/mcpwm.o
 .text.set_next_comm_step
                0x08012f30      0x538 build/obj/mcpwm.o
 *fill*         0x08013468        0x8 
 .text.commutate
                0x08013470       0xdc build/obj/mcpwm.o
 *fill*         0x0801354c        0x4 
 .text.set_switching_frequency.constprop.0
                0x08013550       0x58 build/obj/mcpwm.o
 *fill*         0x080135a8        0x8 
 .text.full_brake_hw
                0x080135b0       0x74 build/obj/mcpwm.o
 *fill*         0x08013624        0xc 
 .text.stop_pwm_hw
                0x08013630       0x74 build/obj/mcpwm.o
 *fill*         0x080136a4        0xc 
 .text.mcpwm_deinit
                0x080136b0       0x74 build/obj/mcpwm.o
                0x080136b0                mcpwm_deinit
 *fill*         0x08013724        0xc 
 .text.mcpwm_init_hall_table
                0x08013730       0x4c build/obj/mcpwm.o
                0x08013730                mcpwm_init_hall_table
 *fill*         0x0801377c        0x4 
 .text.mcpwm_init
                0x08013780      0x670 build/obj/mcpwm.o
                0x08013780                mcpwm_init
 .text.mcpwm_set_configuration
                0x08013df0       0x44 build/obj/mcpwm.o
                0x08013df0                mcpwm_set_configuration
 *fill*         0x08013e34        0xc 
 .text.mcpwm_set_brake_current
                0x08013e40       0xdc build/obj/mcpwm.o
                0x08013e40                mcpwm_set_brake_current
 *fill*         0x08013f1c        0x4 
 .text.mcpwm_get_comm_step
                0x08013f20        0xc build/obj/mcpwm.o
                0x08013f20                mcpwm_get_comm_step
 *fill*         0x08013f2c        0x4 
 .text.mcpwm_get_duty_cycle_now
                0x08013f30        0xc build/obj/mcpwm.o
                0x08013f30                mcpwm_get_duty_cycle_now
 *fill*         0x08013f3c        0x4 
 .text.mcpwm_get_switching_frequency_now
                0x08013f40        0xc build/obj/mcpwm.o
                0x08013f40                mcpwm_get_switching_frequency_now
 *fill*         0x08013f4c        0x4 
 .text.mcpwm_get_rpm
                0x08013f50       0x24 build/obj/mcpwm.o
                0x08013f50                mcpwm_get_rpm
 *fill*         0x08013f74        0xc 
 .text.mcpwm_get_state
                0x08013f80        0xc build/obj/mcpwm.o
                0x08013f80                mcpwm_get_state
 *fill*         0x08013f8c        0x4 
 .text.mcpwm_get_kv_filtered
                0x08013f90       0x1c build/obj/mcpwm.o
                0x08013f90                mcpwm_get_kv_filtered
 *fill*         0x08013fac        0x4 
 .text.mcpwm_get_tot_current
                0x08013fb0        0xc build/obj/mcpwm.o
                0x08013fb0                mcpwm_get_tot_current
 *fill*         0x08013fbc        0x4 
 .text.mcpwm_get_tot_current_filtered
                0x08013fc0        0xc build/obj/mcpwm.o
                0x08013fc0                mcpwm_get_tot_current_filtered
 *fill*         0x08013fcc        0x4 
 .text.mcpwm_get_tot_current_directional
                0x08013fd0       0x24 build/obj/mcpwm.o
                0x08013fd0                mcpwm_get_tot_current_directional
 *fill*         0x08013ff4        0xc 
 .text.mcpwm_get_tot_current_directional_filtered
                0x08014000       0x24 build/obj/mcpwm.o
                0x08014000                mcpwm_get_tot_current_directional_filtered
 *fill*         0x08014024        0xc 
 .text.mcpwm_get_tot_current_in_filtered
                0x08014030       0x20 build/obj/mcpwm.o
                0x08014030                mcpwm_get_tot_current_in_filtered
 .text.mcpwm_get_tachometer_value
                0x08014050       0x14 build/obj/mcpwm.o
                0x08014050                mcpwm_get_tachometer_value
 *fill*         0x08014064        0xc 
 .text.mcpwm_get_tachometer_abs_value
                0x08014070       0x14 build/obj/mcpwm.o
                0x08014070                mcpwm_get_tachometer_abs_value
 *fill*         0x08014084        0xc 
 .text.mcpwm_stop_pwm
                0x08014090       0x28 build/obj/mcpwm.o
                0x08014090                mcpwm_stop_pwm
 *fill*         0x080140b8        0x8 
 .text.mcpwm_adc_inj_int_handler
                0x080140c0      0x494 build/obj/mcpwm.o
                0x080140c0                mcpwm_adc_inj_int_handler
 *fill*         0x08014554        0xc 
 .text.mcpwm_set_detect
                0x08014560       0x54 build/obj/mcpwm.o
                0x08014560                mcpwm_set_detect
 *fill*         0x080145b4        0xc 
 .text.mcpwm_get_detect_pos
                0x080145c0      0x110 build/obj/mcpwm.o
                0x080145c0                mcpwm_get_detect_pos
 .text.mcpwm_read_reset_avg_cycle_integrator
                0x080146d0       0x20 build/obj/mcpwm.o
                0x080146d0                mcpwm_read_reset_avg_cycle_integrator
 .text.mcpwm_get_last_adc_isr_duration
                0x080146f0        0xc build/obj/mcpwm.o
                0x080146f0                mcpwm_get_last_adc_isr_duration
 *fill*         0x080146fc        0x4 
 .text.mcpwm_get_last_inj_adc_isr_duration
                0x08014700        0xc build/obj/mcpwm.o
                0x08014700                mcpwm_get_last_inj_adc_isr_duration
 *fill*         0x0801470c        0x4 
 .text.mcpwm_get_rpm_dep
                0x08014710       0x20 build/obj/mcpwm.o
                0x08014710                mcpwm_get_rpm_dep
 .text.mcpwm_is_dccal_done
                0x08014730        0xc build/obj/mcpwm.o
                0x08014730                mcpwm_is_dccal_done
 *fill*         0x0801473c        0x4 
 .text.mcpwm_reset_hall_detect_table
                0x08014740       0x10 build/obj/mcpwm.o
                0x08014740                mcpwm_reset_hall_detect_table
 .text.mcpwm_get_hall_detect_result
                0x08014750       0xb0 build/obj/mcpwm.o
                0x08014750                mcpwm_get_hall_detect_result
 .text.mcpwm_read_hall_phase
                0x08014800       0x48 build/obj/mcpwm.o
                0x08014800                mcpwm_read_hall_phase
 *fill*         0x08014848        0x8 
 .text.set_duty_cycle_ll
                0x08014850      0x1b0 build/obj/mcpwm.o
 .text.set_duty_cycle_hl
                0x08014a00      0x10c build/obj/mcpwm.o
 *fill*         0x08014b0c        0x4 
 .text.mcpwm_set_duty
                0x08014b10       0x10 build/obj/mcpwm.o
                0x08014b10                mcpwm_set_duty
 .text.mcpwm_set_pid_speed
                0x08014b20       0x44 build/obj/mcpwm.o
                0x08014b20                mcpwm_set_pid_speed
 *fill*         0x08014b64        0xc 
 .text.mcpwm_set_pid_speed_and_watt
                0x08014b70       0x48 build/obj/mcpwm.o
                0x08014b70                mcpwm_set_pid_speed_and_watt
 *fill*         0x08014bb8        0x8 
 .text.mcpwm_set_pid_pos
                0x08014bc0       0x34 build/obj/mcpwm.o
                0x08014bc0                mcpwm_set_pid_pos
 *fill*         0x08014bf4        0xc 
 .text.mcpwm_set_current
                0x08014c00       0x98 build/obj/mcpwm.o
                0x08014c00                mcpwm_set_current
 *fill*         0x08014c98        0x8 
 .text.mcpwm_adc_int_handler
                0x08014ca0      0xcf8 build/obj/mcpwm.o
                0x08014ca0                mcpwm_adc_int_handler
 *fill*         0x08015998        0x8 
 .text.icuperiodcb
                0x080159a0        0x4 build/obj/servo_dec.o
 *fill*         0x080159a4        0xc 
 .text.icuwidthcb
                0x080159b0      0x194 build/obj/servo_dec.o
 *fill*         0x08015b44        0xc 
 .text.servodec_init
                0x08015b50       0x50 build/obj/servo_dec.o
                0x08015b50                servodec_init
 .text.servodec_set_pulse_options
                0x08015ba0       0x30 build/obj/servo_dec.o
                0x08015ba0                servodec_set_pulse_options
 .text.servodec_get_servo
                0x08015bd0       0x1c build/obj/servo_dec.o
                0x08015bd0                servodec_get_servo
 *fill*         0x08015bec        0x4 
 .text.servodec_get_time_since_update
                0x08015bf0       0x20 build/obj/servo_dec.o
                0x08015bf0                servodec_get_time_since_update
 .text.servodec_get_last_pulse_len
                0x08015c10       0x1c build/obj/servo_dec.o
                0x08015c10                servodec_get_last_pulse_len
 *fill*         0x08015c2c        0x4 
 .text.utils_step_towards
                0x08015c30       0x38 build/obj/utils.o
                0x08015c30                utils_step_towards
 *fill*         0x08015c68        0x8 
 .text.utils_norm_angle
                0x08015c70       0x34 build/obj/utils.o
                0x08015c70                utils_norm_angle
 *fill*         0x08015ca4        0xc 
 .text.utils_norm_angle_rad
                0x08015cb0       0x5c build/obj/utils.o
                0x08015cb0                utils_norm_angle_rad
 *fill*         0x08015d0c        0x4 
 .text.utils_truncate_number
                0x08015d10       0x2c build/obj/utils.o
                0x08015d10                utils_truncate_number
 *fill*         0x08015d3c        0x4 
 .text.utils_map
                0x08015d40       0x1c build/obj/utils.o
                0x08015d40                utils_map
 *fill*         0x08015d5c        0x4 
 .text.utils_deadband
                0x08015d60       0x48 build/obj/utils.o
                0x08015d60                utils_deadband
 *fill*         0x08015da8        0x8 
 .text.utils_angle_difference
                0x08015db0       0x54 build/obj/utils.o
                0x08015db0                utils_angle_difference
 *fill*         0x08015e04        0xc 
 .text.utils_angle_difference_rad
                0x08015e10       0x54 build/obj/utils.o
                0x08015e10                utils_angle_difference_rad
 *fill*         0x08015e64        0xc 
 .text.utils_middle_of_3
                0x08015e70       0x80 build/obj/utils.o
                0x08015e70                utils_middle_of_3
 .text.utils_fast_atan2
                0x08015ef0       0x78 build/obj/utils.o
                0x08015ef0                utils_fast_atan2
 *fill*         0x08015f68        0x8 
 .text.utils_saturate_vector_2d
                0x08015f70       0x94 build/obj/utils.o
                0x08015f70                utils_saturate_vector_2d
 *fill*         0x08016004        0xc 
 .text.utils_fast_sincos_better
                0x08016010      0x130 build/obj/utils.o
                0x08016010                utils_fast_sincos_better
 .text.utils_sys_lock_cnt
                0x08016140       0x18 build/obj/utils.o
                0x08016140                utils_sys_lock_cnt
 *fill*         0x08016158        0x8 
 .text.utils_sys_unlock_cnt
                0x08016160       0x1c build/obj/utils.o
                0x08016160                utils_sys_unlock_cnt
 *fill*         0x0801617c        0x4 
 .text.packet_init
                0x08016180       0x14 build/obj/packet.o
                0x08016180                packet_init
 *fill*         0x08016194        0xc 
 .text.packet_send_packet
                0x080161a0       0x84 build/obj/packet.o
                0x080161a0                packet_send_packet
 *fill*         0x08016224        0xc 
 .text.packet_timerfunc
                0x08016230       0x48 build/obj/packet.o
                0x08016230                packet_timerfunc
 *fill*         0x08016278        0x8 
 .text.packet_process_byte
                0x08016280      0x148 build/obj/packet.o
                0x08016280                packet_process_byte
 *fill*         0x080163c8        0x8 
 .text.terminal_process_string
                0x080163d0      0xe30 build/obj/terminal.o
                0x080163d0                terminal_process_string
 .text.terminal_add_fault_data
                0x08017200       0x40 build/obj/terminal.o
                0x08017200                terminal_add_fault_data
 .text.conf_general_init
                0x08017240       0x58 build/obj/conf_general.o
                0x08017240                conf_general_init
 *fill*         0x08017298        0x8 
 .text.conf_general_get_default_app_configuration
                0x080172a0      0x1a0 build/obj/conf_general.o
                0x080172a0                conf_general_get_default_app_configuration
 .text.conf_general_get_default_mc_configuration
                0x08017440      0x298 build/obj/conf_general.o
                0x08017440                conf_general_get_default_mc_configuration
 *fill*         0x080176d8        0x8 
 .text.conf_general_read_app_configuration
                0x080176e0       0x40 build/obj/conf_general.o
                0x080176e0                conf_general_read_app_configuration
 .text.conf_general_store_app_configuration
                0x08017720       0x64 build/obj/conf_general.o
                0x08017720                conf_general_store_app_configuration
 *fill*         0x08017784        0xc 
 .text.conf_general_read_mc_configuration
                0x08017790       0x40 build/obj/conf_general.o
                0x08017790                conf_general_read_mc_configuration
 .text.conf_general_store_mc_configuration
                0x080177d0       0x64 build/obj/conf_general.o
                0x080177d0                conf_general_store_mc_configuration
 *fill*         0x08017834        0xc 
 .text.conf_general_detect_motor_param
                0x08017840      0x1f0 build/obj/conf_general.o
                0x08017840                conf_general_detect_motor_param
 .text.conf_general_measure_flux_linkage
                0x08017a30      0x19c build/obj/conf_general.o
                0x08017a30                conf_general_measure_flux_linkage
 *fill*         0x08017bcc        0x4 
 .text.EE_VerifyPageFullWriteVariable
                0x08017bd0       0x7c build/obj/eeprom.o
 *fill*         0x08017c4c        0x4 
 .text.EE_EraseSectorIfNotEmpty.constprop.1
                0x08017c50       0x30 build/obj/eeprom.o
 .text.EE_Format
                0x08017c80       0x2c build/obj/eeprom.o
 *fill*         0x08017cac        0x4 
 .text.EE_ReadVariable
                0x08017cb0       0x70 build/obj/eeprom.o
                0x08017cb0                EE_ReadVariable
 .text.EE_Init  0x08017d20      0x140 build/obj/eeprom.o
                0x08017d20                EE_Init
 .text.EE_WriteVariable
                0x08017e60       0xbc build/obj/eeprom.o
                0x08017e60                EE_WriteVariable
 *fill*         0x08017f1c        0x4 
 .text.detect_thread
                0x08017f20      0x100 build/obj/commands.o
 .text.commands_init
                0x08018020       0x2c build/obj/commands.o
                0x08018020                commands_init
 *fill*         0x0801804c        0x4 
 .text.commands_set_send_func
                0x08018050        0xc build/obj/commands.o
                0x08018050                commands_set_send_func
 *fill*         0x0801805c        0x4 
 .text.commands_send_packet
                0x08018060       0x10 build/obj/commands.o
                0x08018060                commands_send_packet
 .text.commands_process_packet
                0x08018070     0x252c build/obj/commands.o
                0x08018070                commands_process_packet
 *fill*         0x0801a59c        0x4 
 .text.commands_printf
                0x0801a5a0       0x44 build/obj/commands.o
                0x0801a5a0                commands_printf
 *fill*         0x0801a5e4        0xc 
 .text.commands_send_samples
                0x0801a5f0       0x4c build/obj/commands.o
                0x0801a5f0                commands_send_samples
 *fill*         0x0801a63c        0x4 
 .text.commands_send_rotor_pos
                0x0801a640       0x40 build/obj/commands.o
                0x0801a640                commands_send_rotor_pos
 .text.commands_get_disp_pos_mode
                0x0801a680        0xc build/obj/commands.o
                0x0801a680                commands_get_disp_pos_mode
 *fill*         0x0801a68c        0x4 
 .text.timeout_thread
                0x0801a690       0x80 build/obj/timeout.o
 .text.timeout_init
                0x0801a710       0x54 build/obj/timeout.o
                0x0801a710                timeout_init
 *fill*         0x0801a764        0xc 
 .text.timeout_configure
                0x0801a770       0x14 build/obj/timeout.o
                0x0801a770                timeout_configure
 *fill*         0x0801a784        0xc 
 .text.timeout_reset
                0x0801a790       0x20 build/obj/timeout.o
                0x0801a790                timeout_reset
 .text.timeout_has_timeout
                0x0801a7b0        0xc build/obj/timeout.o
                0x0801a7b0                timeout_has_timeout
 *fill*         0x0801a7bc        0x4 
 .text.timeout_get_timeout_msec
                0x0801a7c0        0xc build/obj/timeout.o
                0x0801a7c0                timeout_get_timeout_msec
 *fill*         0x0801a7cc        0x4 
 .text.timeout_get_brake_current
                0x0801a7d0        0xc build/obj/timeout.o
                0x0801a7d0                timeout_get_brake_current
 *fill*         0x0801a7dc        0x4 
 .text.cancom_process_thread
                0x0801a7e0      0x370 build/obj/comm_can.o
 .text.cancom_read_thread
                0x0801ab50       0xc8 build/obj/comm_can.o
 *fill*         0x0801ac18        0x8 
 .text.comm_can_init
                0x0801ac20       0xb0 build/obj/comm_can.o
                0x0801ac20                comm_can_init
 .text.comm_can_transmit
                0x0801acd0       0x50 build/obj/comm_can.o
                0x0801acd0                comm_can_transmit
 .text.cancom_status_thread
                0x0801ad20       0x98 build/obj/comm_can.o
 *fill*         0x0801adb8        0x8 
 .text.comm_can_send_buffer
                0x0801adc0      0x160 build/obj/comm_can.o
                0x0801adc0                comm_can_send_buffer
 .text.send_packet_wrapper
                0x0801af20       0x14 build/obj/comm_can.o
 *fill*         0x0801af34        0xc 
 .text.comm_can_set_duty
                0x0801af40       0x38 build/obj/comm_can.o
                0x0801af40                comm_can_set_duty
 *fill*         0x0801af78        0x8 
 .text.comm_can_set_current
                0x0801af80       0x38 build/obj/comm_can.o
                0x0801af80                comm_can_set_current
 *fill*         0x0801afb8        0x8 
 .text.comm_can_set_current_brake
                0x0801afc0       0x38 build/obj/comm_can.o
                0x0801afc0                comm_can_set_current_brake
 *fill*         0x0801aff8        0x8 
 .text.comm_can_set_rpm_and_watt
                0x0801b000       0x48 build/obj/comm_can.o
                0x0801b000                comm_can_set_rpm_and_watt
 *fill*         0x0801b048        0x8 
 .text.comm_can_get_status_msg_index
                0x0801b050       0x18 build/obj/comm_can.o
                0x0801b050                comm_can_get_status_msg_index
 *fill*         0x0801b068        0x8 
 .text.led_external_set_state
                0x0801b070        0xc build/obj/led_external.o
                0x0801b070                led_external_set_state
 *fill*         0x0801b07c        0x4 
 .text.led_external_set_reversed
                0x0801b080        0xc build/obj/led_external.o
                0x0801b080                led_external_set_reversed
 *fill*         0x0801b08c        0x4 
 .text.spi_transfer.isra.0.constprop.1
                0x0801b090       0x48 build/obj/encoder.o
 *fill*         0x0801b0d8        0x8 
 .text.encoder_deinit
                0x0801b0e0       0x74 build/obj/encoder.o
                0x0801b0e0                encoder_deinit
 *fill*         0x0801b154        0xc 
 .text.encoder_init_abi
                0x0801b160       0xa0 build/obj/encoder.o
                0x0801b160                encoder_init_abi
 .text.encoder_init_as5047p_spi
                0x0801b200       0x90 build/obj/encoder.o
                0x0801b200                encoder_init_as5047p_spi
 .text.encoder_is_configured
                0x0801b290       0x10 build/obj/encoder.o
                0x0801b290                encoder_is_configured
 .text.encoder_read_deg
                0x0801b2a0       0x64 build/obj/encoder.o
                0x0801b2a0                encoder_read_deg
 *fill*         0x0801b304        0xc 
 .text.encoder_reset
                0x0801b310       0x18 build/obj/encoder.o
                0x0801b310                encoder_reset
 *fill*         0x0801b328        0x8 
 .text.encoder_tim_isr
                0x0801b330       0x50 build/obj/encoder.o
                0x0801b330                encoder_tim_isr
 .text.encoder_set_counts
                0x0801b380       0x2c build/obj/encoder.o
                0x0801b380                encoder_set_counts
 *fill*         0x0801b3ac        0x4 
 .text.encoder_index_found
                0x0801b3b0        0xc build/obj/encoder.o
                0x0801b3b0                encoder_index_found
 *fill*         0x0801b3bc        0x4 
 .text.flash_helper_erase_new_app
                0x0801b3c0       0x70 build/obj/flash_helper.o
                0x0801b3c0                flash_helper_erase_new_app
 .text.flash_helper_write_new_app_data
                0x0801b430       0x60 build/obj/flash_helper.o
                0x0801b430                flash_helper_write_new_app_data
 .text.flash_helper_jump_to_bootloader
                0x0801b490       0x8c build/obj/flash_helper.o
                0x0801b490                flash_helper_jump_to_bootloader
 *fill*         0x0801b51c        0x4 
 .text.flash_helper_get_sector_address
                0x0801b520       0x28 build/obj/flash_helper.o
                0x0801b520                flash_helper_get_sector_address
 *fill*         0x0801b548        0x8 
 .text.sample_send_thread
                0x0801b550      0x130 build/obj/mc_interface.o
 .text.mc_interface_init
                0x0801b680      0x1a4 build/obj/mc_interface.o
                0x0801b680                mc_interface_init
 *fill*         0x0801b824        0xc 
 .text.mc_interface_get_configuration
                0x0801b830        0x8 build/obj/mc_interface.o
                0x0801b830                mc_interface_get_configuration
 *fill*         0x0801b838        0x8 
 .text.mc_interface_dccal_done
                0x0801b840       0x20 build/obj/mc_interface.o
                0x0801b840                mc_interface_dccal_done
 .text.mc_interface_lock
                0x0801b860        0xc build/obj/mc_interface.o
                0x0801b860                mc_interface_lock
 *fill*         0x0801b86c        0x4 
 .text.mc_interface_unlock
                0x0801b870        0xc build/obj/mc_interface.o
                0x0801b870                mc_interface_unlock
 *fill*         0x0801b87c        0x4 
 .text.mc_interface_lock_override_once
                0x0801b880        0xc build/obj/mc_interface.o
                0x0801b880                mc_interface_lock_override_once
 *fill*         0x0801b88c        0x4 
 .text.mc_interface_get_fault
                0x0801b890        0xc build/obj/mc_interface.o
                0x0801b890                mc_interface_get_fault
 *fill*         0x0801b89c        0x4 
 .text.mc_interface_fault_to_string
                0x0801b8a0       0x18 build/obj/mc_interface.o
                0x0801b8a0                mc_interface_fault_to_string
 *fill*         0x0801b8b8        0x8 
 .text.mc_interface_get_state
                0x0801b8c0       0x20 build/obj/mc_interface.o
                0x0801b8c0                mc_interface_get_state
 .text.mc_interface_get_cruise_control_status
                0x0801b8e0        0xc build/obj/mc_interface.o
                0x0801b8e0                mc_interface_get_cruise_control_status
 *fill*         0x0801b8ec        0x4 
 .text.mc_interface_set_cruise_control_status
                0x0801b8f0        0xc build/obj/mc_interface.o
                0x0801b8f0                mc_interface_set_cruise_control_status
 *fill*         0x0801b8fc        0x4 
 .text.mc_interface_get_duty_cycle_now
                0x0801b900       0x24 build/obj/mc_interface.o
                0x0801b900                mc_interface_get_duty_cycle_now
 *fill*         0x0801b924        0xc 
 .text.mc_interface_get_sampling_frequency_now
                0x0801b930       0x34 build/obj/mc_interface.o
                0x0801b930                mc_interface_get_sampling_frequency_now
 *fill*         0x0801b964        0xc 
 .text.mc_interface_get_rpm
                0x0801b970       0x24 build/obj/mc_interface.o
                0x0801b970                mc_interface_get_rpm
 *fill*         0x0801b994        0xc 
 .text.mc_interface_get_amp_hours
                0x0801b9a0       0x20 build/obj/mc_interface.o
                0x0801b9a0                mc_interface_get_amp_hours
 .text.mc_interface_get_amp_hours_charged
                0x0801b9c0       0x20 build/obj/mc_interface.o
                0x0801b9c0                mc_interface_get_amp_hours_charged
 .text.mc_interface_get_watt_hours
                0x0801b9e0       0x24 build/obj/mc_interface.o
                0x0801b9e0                mc_interface_get_watt_hours
 *fill*         0x0801ba04        0xc 
 .text.mc_interface_get_watt_hours_charged
                0x0801ba10       0x20 build/obj/mc_interface.o
                0x0801ba10                mc_interface_get_watt_hours_charged
 .text.mc_interface_get_tot_current
                0x0801ba30       0x24 build/obj/mc_interface.o
                0x0801ba30                mc_interface_get_tot_current
 *fill*         0x0801ba54        0xc 
 .text.mc_interface_get_tot_current_filtered
                0x0801ba60       0x24 build/obj/mc_interface.o
                0x0801ba60                mc_interface_get_tot_current_filtered
 *fill*         0x0801ba84        0xc 
 .text.mc_interface_get_tot_current_directional
                0x0801ba90       0x24 build/obj/mc_interface.o
                0x0801ba90                mc_interface_get_tot_current_directional
 *fill*         0x0801bab4        0xc 
 .text.mc_interface_get_tot_current_directional_filtered
                0x0801bac0       0x24 build/obj/mc_interface.o
                0x0801bac0                mc_interface_get_tot_current_directional_filtered
 *fill*         0x0801bae4        0xc 
 .text.mc_interface_get_tot_current_in_filtered
                0x0801baf0       0x24 build/obj/mc_interface.o
                0x0801baf0                mc_interface_get_tot_current_in_filtered
 *fill*         0x0801bb14        0xc 
 .text.mc_interface_get_tachometer_value
                0x0801bb20       0x20 build/obj/mc_interface.o
                0x0801bb20                mc_interface_get_tachometer_value
 .text.mc_interface_get_tachometer_abs_value
                0x0801bb40       0x20 build/obj/mc_interface.o
                0x0801bb40                mc_interface_get_tachometer_abs_value
 .text.mc_interface_get_last_inj_adc_isr_duration
                0x0801bb60       0x24 build/obj/mc_interface.o
                0x0801bb60                mc_interface_get_last_inj_adc_isr_duration
 *fill*         0x0801bb84        0xc 
 .text.mc_interface_read_reset_avg_motor_current
                0x0801bb90       0x20 build/obj/mc_interface.o
                0x0801bb90                mc_interface_read_reset_avg_motor_current
 .text.mc_interface_read_reset_avg_input_current
                0x0801bbb0       0x20 build/obj/mc_interface.o
                0x0801bbb0                mc_interface_read_reset_avg_input_current
 .text.mc_interface_get_pid_pos_set
                0x0801bbd0        0xc build/obj/mc_interface.o
                0x0801bbd0                mc_interface_get_pid_pos_set
 *fill*         0x0801bbdc        0x4 
 .text.mc_interface_get_pid_pos_now
                0x0801bbe0       0x24 build/obj/mc_interface.o
                0x0801bbe0                mc_interface_get_pid_pos_now
 *fill*         0x0801bc04        0xc 
 .text.mc_interface_get_motor_voltage
                0x0801bc10       0x70 build/obj/mc_interface.o
                0x0801bc10                mc_interface_get_motor_voltage
 .text.mc_interface_get_max_current_at_current_motor_voltage
                0x0801bc80       0x7c build/obj/mc_interface.o
                0x0801bc80                mc_interface_get_max_current_at_current_motor_voltage
 *fill*         0x0801bcfc        0x4 
 .text.mc_interface_get_last_sample_adc_isr_duration
                0x0801bd00        0xc build/obj/mc_interface.o
                0x0801bd00                mc_interface_get_last_sample_adc_isr_duration
 *fill*         0x0801bd0c        0x4 
 .text.mc_interface_sample_print_data
                0x0801bd10       0x48 build/obj/mc_interface.o
                0x0801bd10                mc_interface_sample_print_data
 *fill*         0x0801bd58        0x8 
 .text.mc_interface_try_input
                0x0801bd60       0x40 build/obj/mc_interface.o
                0x0801bd60                mc_interface_try_input
 .text.mc_interface_set_duty
                0x0801bda0       0x48 build/obj/mc_interface.o
                0x0801bda0                mc_interface_set_duty
 *fill*         0x0801bde8        0x8 
 .text.mc_interface_set_pid_speed
                0x0801bdf0       0x48 build/obj/mc_interface.o
                0x0801bdf0                mc_interface_set_pid_speed
 *fill*         0x0801be38        0x8 
 .text.mc_interface_set_pid_speed_and_watt
                0x0801be40       0x54 build/obj/mc_interface.o
                0x0801be40                mc_interface_set_pid_speed_and_watt
 *fill*         0x0801be94        0xc 
 .text.mc_interface_set_pid_pos
                0x0801bea0       0x54 build/obj/mc_interface.o
                0x0801bea0                mc_interface_set_pid_pos
 *fill*         0x0801bef4        0xc 
 .text.mc_interface_set_current
                0x0801bf00       0x48 build/obj/mc_interface.o
                0x0801bf00                mc_interface_set_current
 *fill*         0x0801bf48        0x8 
 .text.mc_interface_release_motor
                0x0801bf50        0xc build/obj/mc_interface.o
                0x0801bf50                mc_interface_release_motor
 *fill*         0x0801bf5c        0x4 
 .text.mc_interface_set_brake_current
                0x0801bf60       0x48 build/obj/mc_interface.o
                0x0801bf60                mc_interface_set_brake_current
 *fill*         0x0801bfa8        0x8 
 .text.mc_interface_fault_stop
                0x0801bfb0      0x144 build/obj/mc_interface.o
                0x0801bfb0                mc_interface_fault_stop
 *fill*         0x0801c0f4        0xc 
 .text.update_override_limits.constprop.3
                0x0801c100      0x1c8 build/obj/mc_interface.o
 *fill*         0x0801c2c8        0x8 
 .text.mc_interface_set_configuration
                0x0801c2d0       0xd0 build/obj/mc_interface.o
                0x0801c2d0                mc_interface_set_configuration
 .text.timer_thread
                0x0801c3a0       0x60 build/obj/mc_interface.o
 .text.mc_interface_mc_timer_isr
                0x0801c400      0x4a4 build/obj/mc_interface.o
                0x0801c400                mc_interface_mc_timer_isr
 *fill*         0x0801c8a4        0xc 
 .text.mc_interface_adc_inj_int_handler
                0x0801c8b0       0x1c build/obj/mc_interface.o
                0x0801c8b0                mc_interface_adc_inj_int_handler
 *fill*         0x0801c8cc        0x4 
 .text.correct_encoder
                0x0801c8d0       0x64 build/obj/mcpwm_foc.o
 *fill*         0x0801c934        0xc 
 .text.stop_pwm_hw
                0x0801c940       0x78 build/obj/mcpwm_foc.o
 *fill*         0x0801c9b8        0x8 
 .text.start_pwm_hw
                0x0801c9c0       0x78 build/obj/mcpwm_foc.o
 *fill*         0x0801ca38        0x8 
 .text.correct_hall
                0x0801ca40      0x21c build/obj/mcpwm_foc.o
 *fill*         0x0801cc5c        0x4 
 .text.timer_thread
                0x0801cc60      0x494 build/obj/mcpwm_foc.o
 *fill*         0x0801d0f4        0xc 
 .text.mcpwm_foc_init
                0x0801d100      0x5b0 build/obj/mcpwm_foc.o
                0x0801d100                mcpwm_foc_init
 .text.mcpwm_foc_deinit
                0x0801d6b0       0x60 build/obj/mcpwm_foc.o
                0x0801d6b0                mcpwm_foc_deinit
 .text.mcpwm_foc_set_configuration
                0x0801d710       0x74 build/obj/mcpwm_foc.o
                0x0801d710                mcpwm_foc_set_configuration
 *fill*         0x0801d784        0xc 
 .text.mcpwm_foc_get_state
                0x0801d790        0xc build/obj/mcpwm_foc.o
                0x0801d790                mcpwm_foc_get_state
 *fill*         0x0801d79c        0x4 
 .text.mcpwm_foc_is_dccal_done
                0x0801d7a0        0xc build/obj/mcpwm_foc.o
                0x0801d7a0                mcpwm_foc_is_dccal_done
 *fill*         0x0801d7ac        0x4 
 .text.mcpwm_foc_set_duty
                0x0801d7b0       0x28 build/obj/mcpwm_foc.o
                0x0801d7b0                mcpwm_foc_set_duty
 *fill*         0x0801d7d8        0x8 
 .text.mcpwm_foc_set_pid_speed
                0x0801d7e0       0x34 build/obj/mcpwm_foc.o
                0x0801d7e0                mcpwm_foc_set_pid_speed
 *fill*         0x0801d814        0xc 
 .text.mcpwm_foc_set_pid_speed_and_watt
                0x0801d820       0x38 build/obj/mcpwm_foc.o
                0x0801d820                mcpwm_foc_set_pid_speed_and_watt
 *fill*         0x0801d858        0x8 
 .text.mcpwm_foc_set_pid_pos
                0x0801d860       0x28 build/obj/mcpwm_foc.o
                0x0801d860                mcpwm_foc_set_pid_pos
 *fill*         0x0801d888        0x8 
 .text.mcpwm_foc_set_current
                0x0801d890       0x6c build/obj/mcpwm_foc.o
                0x0801d890                mcpwm_foc_set_current
 *fill*         0x0801d8fc        0x4 
 .text.mcpwm_foc_stop_pwm
                0x0801d900        0xc build/obj/mcpwm_foc.o
                0x0801d900                mcpwm_foc_stop_pwm
 *fill*         0x0801d90c        0x4 
 .text.mcpwm_foc_set_brake_current
                0x0801d910       0x6c build/obj/mcpwm_foc.o
                0x0801d910                mcpwm_foc_set_brake_current
 *fill*         0x0801d97c        0x4 
 .text.mcpwm_foc_get_duty_cycle_now
                0x0801d980        0xc build/obj/mcpwm_foc.o
                0x0801d980                mcpwm_foc_get_duty_cycle_now
 *fill*         0x0801d98c        0x4 
 .text.mcpwm_foc_get_pid_pos_now
                0x0801d990        0xc build/obj/mcpwm_foc.o
                0x0801d990                mcpwm_foc_get_pid_pos_now
 *fill*         0x0801d99c        0x4 
 .text.mcpwm_foc_get_switching_frequency_now
                0x0801d9a0       0x10 build/obj/mcpwm_foc.o
                0x0801d9a0                mcpwm_foc_get_switching_frequency_now
 .text.mcpwm_foc_get_rpm
                0x0801d9b0       0x18 build/obj/mcpwm_foc.o
                0x0801d9b0                mcpwm_foc_get_rpm
 *fill*         0x0801d9c8        0x8 
 .text.mcpwm_foc_get_tot_current
                0x0801d9d0       0x2c build/obj/mcpwm_foc.o
                0x0801d9d0                mcpwm_foc_get_tot_current
 *fill*         0x0801d9fc        0x4 
 .text.mcpwm_foc_get_tot_current_filtered
                0x0801da00       0x2c build/obj/mcpwm_foc.o
                0x0801da00                mcpwm_foc_get_tot_current_filtered
 *fill*         0x0801da2c        0x4 
 .text.mcpwm_foc_get_abs_motor_current
                0x0801da30        0xc build/obj/mcpwm_foc.o
                0x0801da30                mcpwm_foc_get_abs_motor_current
 *fill*         0x0801da3c        0x4 
 .text.mcpwm_foc_get_abs_motor_current_filtered
                0x0801da40        0xc build/obj/mcpwm_foc.o
                0x0801da40                mcpwm_foc_get_abs_motor_current_filtered
 *fill*         0x0801da4c        0x4 
 .text.mcpwm_foc_get_tot_current_directional
                0x0801da50        0xc build/obj/mcpwm_foc.o
                0x0801da50                mcpwm_foc_get_tot_current_directional
 *fill*         0x0801da5c        0x4 
 .text.mcpwm_foc_get_tot_current_directional_filtered
                0x0801da60        0xc build/obj/mcpwm_foc.o
                0x0801da60                mcpwm_foc_get_tot_current_directional_filtered
 *fill*         0x0801da6c        0x4 
 .text.mcpwm_foc_get_tot_current_in_filtered
                0x0801da70        0xc build/obj/mcpwm_foc.o
                0x0801da70                mcpwm_foc_get_tot_current_in_filtered
 *fill*         0x0801da7c        0x4 
 .text.mcpwm_foc_get_tachometer_value
                0x0801da80       0x14 build/obj/mcpwm_foc.o
                0x0801da80                mcpwm_foc_get_tachometer_value
 *fill*         0x0801da94        0xc 
 .text.mcpwm_foc_get_tachometer_abs_value
                0x0801daa0       0x14 build/obj/mcpwm_foc.o
                0x0801daa0                mcpwm_foc_get_tachometer_abs_value
 *fill*         0x0801dab4        0xc 
 .text.mcpwm_foc_get_phase_observer
                0x0801dac0       0x30 build/obj/mcpwm_foc.o
                0x0801dac0                mcpwm_foc_get_phase_observer
 .text.mcpwm_foc_get_phase_encoder
                0x0801daf0       0x30 build/obj/mcpwm_foc.o
                0x0801daf0                mcpwm_foc_get_phase_encoder
 .text.mcpwm_foc_get_vq
                0x0801db20        0xc build/obj/mcpwm_foc.o
                0x0801db20                mcpwm_foc_get_vq
 *fill*         0x0801db2c        0x4 
 .text.mcpwm_foc_encoder_detect
                0x0801db30      0x5e8 build/obj/mcpwm_foc.o
                0x0801db30                mcpwm_foc_encoder_detect
 *fill*         0x0801e118        0x8 
 .text.mcpwm_foc_measure_resistance
                0x0801e120      0x110 build/obj/mcpwm_foc.o
                0x0801e120                mcpwm_foc_measure_resistance
 .text.mcpwm_foc_measure_inductance
                0x0801e230      0x104 build/obj/mcpwm_foc.o
                0x0801e230                mcpwm_foc_measure_inductance
 *fill*         0x0801e334        0xc 
 .text.mcpwm_foc_measure_res_ind
                0x0801e340      0x210 build/obj/mcpwm_foc.o
                0x0801e340                mcpwm_foc_measure_res_ind
 .text.mcpwm_foc_hall_detect
                0x0801e550      0x2b0 build/obj/mcpwm_foc.o
                0x0801e550                mcpwm_foc_hall_detect
 .text.mcpwm_foc_print_state
                0x0801e800      0x180 build/obj/mcpwm_foc.o
                0x0801e800                mcpwm_foc_print_state
 .text.mcpwm_foc_get_last_inj_adc_isr_duration
                0x0801e980        0xc build/obj/mcpwm_foc.o
                0x0801e980                mcpwm_foc_get_last_inj_adc_isr_duration
 *fill*         0x0801e98c        0x4 
 .text.observer_update